Archive member included to satisfy reference by file (symbol)

c:/ac6/systemworkbench/plugins/fr.ac6.mcu.externaltools.arm-none.win32_1.17.0.201812190825/tools/compiler/bin/../lib/gcc/arm-none-eabi/7.3.1/../../../../arm-none-eabi/lib/thumb/v7e-m/fpv4-sp/hard\libc.a(lib_a-errno.o)
                              src/syscalls.o (__errno)
c:/ac6/systemworkbench/plugins/fr.ac6.mcu.externaltools.arm-none.win32_1.17.0.201812190825/tools/compiler/bin/../lib/gcc/arm-none-eabi/7.3.1/../../../../arm-none-eabi/lib/thumb/v7e-m/fpv4-sp/hard\libc.a(lib_a-exit.o)
                              c:/ac6/systemworkbench/plugins/fr.ac6.mcu.externaltools.arm-none.win32_1.17.0.201812190825/tools/compiler/bin/../lib/gcc/arm-none-eabi/7.3.1/../../../../arm-none-eabi/lib/thumb/v7e-m/fpv4-sp/hard/crt0.o (exit)
c:/ac6/systemworkbench/plugins/fr.ac6.mcu.externaltools.arm-none.win32_1.17.0.201812190825/tools/compiler/bin/../lib/gcc/arm-none-eabi/7.3.1/../../../../arm-none-eabi/lib/thumb/v7e-m/fpv4-sp/hard\libc.a(lib_a-impure.o)
                              c:/ac6/systemworkbench/plugins/fr.ac6.mcu.externaltools.arm-none.win32_1.17.0.201812190825/tools/compiler/bin/../lib/gcc/arm-none-eabi/7.3.1/../../../../arm-none-eabi/lib/thumb/v7e-m/fpv4-sp/hard\libc.a(lib_a-exit.o) (_global_impure_ptr)
c:/ac6/systemworkbench/plugins/fr.ac6.mcu.externaltools.arm-none.win32_1.17.0.201812190825/tools/compiler/bin/../lib/gcc/arm-none-eabi/7.3.1/../../../../arm-none-eabi/lib/thumb/v7e-m/fpv4-sp/hard\libc.a(lib_a-init.o)
                              c:/ac6/systemworkbench/plugins/fr.ac6.mcu.externaltools.arm-none.win32_1.17.0.201812190825/tools/compiler/bin/../lib/gcc/arm-none-eabi/7.3.1/../../../../arm-none-eabi/lib/thumb/v7e-m/fpv4-sp/hard/crt0.o (__libc_init_array)
c:/ac6/systemworkbench/plugins/fr.ac6.mcu.externaltools.arm-none.win32_1.17.0.201812190825/tools/compiler/bin/../lib/gcc/arm-none-eabi/7.3.1/../../../../arm-none-eabi/lib/thumb/v7e-m/fpv4-sp/hard\libc.a(lib_a-memcmp.o)
                              Third-Party/SEGGER/OS/SEGGER_SYSVIEW_FreeRTOS.o (memcmp)
c:/ac6/systemworkbench/plugins/fr.ac6.mcu.externaltools.arm-none.win32_1.17.0.201812190825/tools/compiler/bin/../lib/gcc/arm-none-eabi/7.3.1/../../../../arm-none-eabi/lib/thumb/v7e-m/fpv4-sp/hard\libc.a(lib_a-memcpy.o)
                              Third-Party/FreeRTOS/org/Source/queue.o (memcpy)
c:/ac6/systemworkbench/plugins/fr.ac6.mcu.externaltools.arm-none.win32_1.17.0.201812190825/tools/compiler/bin/../lib/gcc/arm-none-eabi/7.3.1/../../../../arm-none-eabi/lib/thumb/v7e-m/fpv4-sp/hard\libc.a(lib_a-memset.o)
                              c:/ac6/systemworkbench/plugins/fr.ac6.mcu.externaltools.arm-none.win32_1.17.0.201812190825/tools/compiler/bin/../lib/gcc/arm-none-eabi/7.3.1/../../../../arm-none-eabi/lib/thumb/v7e-m/fpv4-sp/hard/crt0.o (memset)
c:/ac6/systemworkbench/plugins/fr.ac6.mcu.externaltools.arm-none.win32_1.17.0.201812190825/tools/compiler/bin/../lib/gcc/arm-none-eabi/7.3.1/../../../../arm-none-eabi/lib/thumb/v7e-m/fpv4-sp/hard\libc.a(lib_a-sprintf.o)
                              src/main.o (sprintf)
c:/ac6/systemworkbench/plugins/fr.ac6.mcu.externaltools.arm-none.win32_1.17.0.201812190825/tools/compiler/bin/../lib/gcc/arm-none-eabi/7.3.1/../../../../arm-none-eabi/lib/thumb/v7e-m/fpv4-sp/hard\libc.a(lib_a-strlen.o)
                              Third-Party/SEGGER/SEGGER/SEGGER_RTT.o (strlen)
c:/ac6/systemworkbench/plugins/fr.ac6.mcu.externaltools.arm-none.win32_1.17.0.201812190825/tools/compiler/bin/../lib/gcc/arm-none-eabi/7.3.1/../../../../arm-none-eabi/lib/thumb/v7e-m/fpv4-sp/hard\libc.a(lib_a-svfprintf.o)
                              c:/ac6/systemworkbench/plugins/fr.ac6.mcu.externaltools.arm-none.win32_1.17.0.201812190825/tools/compiler/bin/../lib/gcc/arm-none-eabi/7.3.1/../../../../arm-none-eabi/lib/thumb/v7e-m/fpv4-sp/hard\libc.a(lib_a-sprintf.o) (_svfprintf_r)
c:/ac6/systemworkbench/plugins/fr.ac6.mcu.externaltools.arm-none.win32_1.17.0.201812190825/tools/compiler/bin/../lib/gcc/arm-none-eabi/7.3.1/../../../../arm-none-eabi/lib/thumb/v7e-m/fpv4-sp/hard\libc.a(lib_a-__call_atexit.o)
                              c:/ac6/systemworkbench/plugins/fr.ac6.mcu.externaltools.arm-none.win32_1.17.0.201812190825/tools/compiler/bin/../lib/gcc/arm-none-eabi/7.3.1/../../../../arm-none-eabi/lib/thumb/v7e-m/fpv4-sp/hard\libc.a(lib_a-exit.o) (__call_exitprocs)
c:/ac6/systemworkbench/plugins/fr.ac6.mcu.externaltools.arm-none.win32_1.17.0.201812190825/tools/compiler/bin/../lib/gcc/arm-none-eabi/7.3.1/../../../../arm-none-eabi/lib/thumb/v7e-m/fpv4-sp/hard\libc.a(lib_a-atexit.o)
                              c:/ac6/systemworkbench/plugins/fr.ac6.mcu.externaltools.arm-none.win32_1.17.0.201812190825/tools/compiler/bin/../lib/gcc/arm-none-eabi/7.3.1/../../../../arm-none-eabi/lib/thumb/v7e-m/fpv4-sp/hard\libc.a(lib_a-__call_atexit.o) (atexit)
[...]
Memory Configuration

Name             Origin             Length             Attributes
RAM              0x20000000         0x00020000         xrw
ROM              0x08000000         0x00080000         xr
*default*        0x00000000         0xffffffff

Linker script and memory map

LOAD c:/ac6/systemworkbench/plugins/fr.ac6.mcu.externaltools.arm-none.win32_1.17.0.201812190825/tools/compiler/bin/../lib/gcc/arm-none-eabi/7.3.1/thumb/v7e-m/fpv4-sp/hard/crti.o
LOAD c:/ac6/systemworkbench/plugins/fr.ac6.mcu.externaltools.arm-none.win32_1.17.0.201812190825/tools/compiler/bin/../lib/gcc/arm-none-eabi/7.3.1/thumb/v7e-m/fpv4-sp/hard/crtbegin.o
LOAD c:/ac6/systemworkbench/plugins/fr.ac6.mcu.externaltools.arm-none.win32_1.17.0.201812190825/tools/compiler/bin/../lib/gcc/arm-none-eabi/7.3.1/../../../../arm-none-eabi/lib/thumb/v7e-m/fpv4-sp/hard/crt0.o
LOAD StdPeriph_Driver/src/misc.o
LOAD StdPeriph_Driver/src/stm32f4xx_adc.o
LOAD StdPeriph_Driver/src/stm32f4xx_can.o
LOAD StdPeriph_Driver/src/stm32f4xx_cec.o
LOAD StdPeriph_Driver/src/stm32f4xx_crc.o
LOAD StdPeriph_Driver/src/stm32f4xx_cryp.o
LOAD StdPeriph_Driver/src/stm32f4xx_cryp_aes.o
LOAD StdPeriph_Driver/src/stm32f4xx_cryp_des.o
LOAD StdPeriph_Driver/src/stm32f4xx_cryp_tdes.o
LOAD StdPeriph_Driver/src/stm32f4xx_dac.o
LOAD StdPeriph_Driver/src/stm32f4xx_dbgmcu.o
LOAD StdPeriph_Driver/src/stm32f4xx_dcmi.o
LOAD StdPeriph_Driver/src/stm32f4xx_dfsdm.o
LOAD StdPeriph_Driver/src/stm32f4xx_dma.o
LOAD StdPeriph_Driver/src/stm32f4xx_dma2d.o
LOAD StdPeriph_Driver/src/stm32f4xx_dsi.o
LOAD StdPeriph_Driver/src/stm32f4xx_exti.o
LOAD StdPeriph_Driver/src/stm32f4xx_flash.o
LOAD StdPeriph_Driver/src/stm32f4xx_flash_ramfunc.o
LOAD StdPeriph_Driver/src/stm32f4xx_fmc.o
LOAD StdPeriph_Driver/src/stm32f4xx_fmip2c.o
LOAD StdPeriph_Driver/src/stm32f4xx_fsmc.o
LOAD StdPeriph_Driver/src/stm32f4xx_gpio.o
LOAD StdPeriph_Driver/src/stm32f4xx_hash.o
LOAD StdPeriph_Driver/src/stm32f4xx_hash_md5.o
LOAD StdPeriph_Driver/src/stm32f4xx_hash_sha1.o
LOAD StdPeriph_Driver/src/stm32f4xx_i2c.o
LOAD StdPeriph_Driver/src/stm32f4xx_iwdg.o
LOAD StdPeriph_Driver/src/stm32f4xx_lptim.o
LOAD StdPeriph_Driver/src/stm32f4xx_ltdc.o
LOAD StdPeriph_Driver/src/stm32f4xx_pwr.o
LOAD StdPeriph_Driver/src/stm32f4xx_qspi.o
LOAD StdPeriph_Driver/src/stm32f4xx_rcc.o
LOAD StdPeriph_Driver/src/stm32f4xx_rng.o
LOAD StdPeriph_Driver/src/stm32f4xx_rtc.o
LOAD StdPeriph_Driver/src/stm32f4xx_sai.o
LOAD StdPeriph_Driver/src/stm32f4xx_sdio.o
LOAD StdPeriph_Driver/src/stm32f4xx_spdifrx.o
LOAD StdPeriph_Driver/src/stm32f4xx_spi.o
LOAD StdPeriph_Driver/src/stm32f4xx_syscfg.o
LOAD StdPeriph_Driver/src/stm32f4xx_tim.o
LOAD StdPeriph_Driver/src/stm32f4xx_usart.o
LOAD StdPeriph_Driver/src/stm32f4xx_wwdg.o
LOAD Third-Party/FreeRTOS/org/Source/croutine.o
LOAD Third-Party/FreeRTOS/org/Source/event_groups.o
LOAD Third-Party/FreeRTOS/org/Source/list.o
LOAD Third-Party/FreeRTOS/org/Source/queue.o
LOAD Third-Party/FreeRTOS/org/Source/stream_buffer.o
LOAD Third-Party/FreeRTOS/org/Source/tasks.o
LOAD Third-Party/FreeRTOS/org/Source/timers.o
LOAD Third-Party/FreeRTOS/org/Source/portable/GCC/ARM_CM4F/port.o
LOAD Third-Party/FreeRTOS/org/Source/portable/MemMang/heap_4.o
LOAD Third-Party/SEGGER/Config/SEGGER_SYSVIEW_Config_FreeRTOS.o
LOAD Third-Party/SEGGER/OS/SEGGER_SYSVIEW_FreeRTOS.o
LOAD Third-Party/SEGGER/SEGGER/SEGGER_RTT.o
LOAD Third-Party/SEGGER/SEGGER/SEGGER_SYSVIEW.o
LOAD src/main.o
LOAD src/syscalls.o
LOAD src/system_stm32f4xx.o
LOAD startup/startup_stm32.o
LOAD c:/ac6/systemworkbench/plugins/fr.ac6.mcu.externaltools.arm-none.win32_1.17.0.201812190825/tools/compiler/bin/../lib/gcc/arm-none-eabi/7.3.1/../../../../arm-none-eabi/lib/thumb/v7e-m/fpv4-sp/hard\libm.a
START GROUP
LOAD c:/ac6/systemworkbench/plugins/fr.ac6.mcu.externaltools.arm-none.win32_1.17.0.201812190825/tools/compiler/bin/../lib/gcc/arm-none-eabi/7.3.1/thumb/v7e-m/fpv4-sp/hard\libgcc.a
LOAD c:/ac6/systemworkbench/plugins/fr.ac6.mcu.externaltools.arm-none.win32_1.17.0.201812190825/tools/compiler/bin/../lib/gcc/arm-none-eabi/7.3.1/../../../../arm-none-eabi/lib/thumb/v7e-m/fpv4-sp/hard\libc.a
END GROUP
LOAD c:/ac6/systemworkbench/plugins/fr.ac6.mcu.externaltools.arm-none.win32_1.17.0.201812190825/tools/compiler/bin/../lib/gcc/arm-none-eabi/7.3.1/thumb/v7e-m/fpv4-sp/hard/crtend.o
LOAD c:/ac6/systemworkbench/plugins/fr.ac6.mcu.externaltools.arm-none.win32_1.17.0.201812190825/tools/compiler/bin/../lib/gcc/arm-none-eabi/7.3.1/thumb/v7e-m/fpv4-sp/hard/crtn.o
                0x20020000                _estack = 0x20020000
                0x00000000                _Min_Heap_Size = 0x0
                0x00000400                _Min_Stack_Size = 0x400

.isr_vector     0x08000000      0x1a8
                0x08000000                . = ALIGN (0x4)
 *(.isr_vector)
 .isr_vector    0x08000000      0x1a8 startup/startup_stm32.o
                0x08000000                g_pfnVectors
                0x080001a8                . = ALIGN (0x4)

.text           0x080001c0     0x97e4
                0x080001c0                . = ALIGN (0x4)
 *(.text)
 .text          0x080001c0       0x40 c:/ac6/systemworkbench/plugins/fr.ac6.mcu.externaltools.arm-none.win32_1.17.0.201812190825/tools/compiler/bin/../lib/gcc/arm-none-eabi/7.3.1/thumb/v7e-m/fpv4-sp/hard/crtbegin.o
 .text          0x08000200      0x134 c:/ac6/systemworkbench/plugins/fr.ac6.mcu.externaltools.arm-none.win32_1.17.0.201812190825/tools/compiler/bin/../lib/gcc/arm-none-eabi/7.3.1/../../../../arm-none-eabi/lib/thumb/v7e-m/fpv4-sp/hard\libc.a(lib_a-memcpy.o)
                0x08000200                memcpy
 *fill*         0x08000334        0xc 
 .text          0x08000340       0xdc c:/ac6/systemworkbench/plugins/fr.ac6.mcu.externaltools.arm-none.win32_1.17.0.201812190825/tools/compiler/bin/../lib/gcc/arm-none-eabi/7.3.1/../../../../arm-none-eabi/lib/thumb/v7e-m/fpv4-sp/hard\libc.a(lib_a-strlen.o)
                0x08000340                strlen
 *fill*         0x0800041c        0x4 
 .text          0x08000420       0xa0 c:/ac6/systemworkbench/plugins/fr.ac6.mcu.externaltools.arm-none.win32_1.17.0.201812190825/tools/compiler/bin/../lib/gcc/arm-none-eabi/7.3.1/../../../../arm-none-eabi/lib/thumb/v7e-m/fpv4-sp/hard\libc.a(lib_a-memchr.o)
                0x08000420                memchr
 .text          0x080004c0      0x378 c:/ac6/systemworkbench/plugins/fr.ac6.mcu.externaltools.arm-none.win32_1.17.0.201812190825/tools/compiler/bin/../lib/gcc/arm-none-eabi/7.3.1/thumb/v7e-m/fpv4-sp/hard\libgcc.a(_arm_addsubdf3.o)
                0x080004c0                __aeabi_drsub
                0x080004c8                __aeabi_dsub
                0x080004c8                __subdf3
                0x080004cc                __aeabi_dadd
                0x080004cc                __adddf3
                0x08000744                __floatunsidf
                0x08000744                __aeabi_ui2d
                0x08000764                __floatsidf
                0x08000764                __aeabi_i2d
                0x08000788                __aeabi_f2d
                0x08000788                __extendsfdf2
                0x080007cc                __floatundidf
                0x080007cc                __aeabi_ul2d
                0x080007dc                __floatdidf
                0x080007dc                __aeabi_l2d
 .text          0x08000838      0x424 c:/ac6/systemworkbench/plugins/fr.ac6.mcu.externaltools.arm-none.win32_1.17.0.201812190825/tools/compiler/bin/../lib/gcc/arm-none-eabi/7.3.1/thumb/v7e-m/fpv4-sp/hard\libgcc.a(_arm_muldivdf3.o)
                0x08000838                __aeabi_dmul
                0x08000838                __muldf3
                0x08000a8c                __divdf3
                0x08000a8c                __aeabi_ddiv
 .text          0x08000c5c      0x110 c:/ac6/systemworkbench/plugins/fr.ac6.mcu.externaltools.arm-none.win32_1.17.0.201812190825/tools/compiler/bin/../lib/gcc/arm-none-eabi/7.3.1/thumb/v7e-m/fpv4-sp/hard\libgcc.a(_arm_cmpdf2.o)
                0x08000c5c                __gtdf2
                0x08000c5c                __gedf2
                0x08000c64                __ltdf2
                0x08000c64                __ledf2
                0x08000c6c                __nedf2
                0x08000c6c                __eqdf2
                0x08000c6c                __cmpdf2
                0x08000ce8                __aeabi_cdrcmple
                0x08000cf8                __aeabi_cdcmpeq
                0x08000cf8                __aeabi_cdcmple
                0x08000d08                __aeabi_dcmpeq
                0x08000d1c                __aeabi_dcmplt
                0x08000d30                __aeabi_dcmple
                0x08000d44                __aeabi_dcmpge
                0x08000d58                __aeabi_dcmpgt
 .text          0x08000d6c       0x2c c:/ac6/systemworkbench/plugins/fr.ac6.mcu.externaltools.arm-none.win32_1.17.0.201812190825/tools/compiler/bin/../lib/gcc/arm-none-eabi/7.3.1/thumb/v7e-m/fpv4-sp/hard\libgcc.a(_arm_unorddf2.o)
                0x08000d6c                __unorddf2
                0x08000d6c                __aeabi_dcmpun
 .text          0x08000d98       0x50 c:/ac6/systemworkbench/plugins/fr.ac6.mcu.externaltools.arm-none.win32_1.17.0.201812190825/tools/compiler/bin/../lib/gcc/arm-none-eabi/7.3.1/thumb/v7e-m/fpv4-sp/hard\libgcc.a(_arm_fixdfsi.o)
                0x08000d98                __aeabi_d2iz
                0x08000d98                __fixdfsi
 .text          0x08000de8       0x30 c:/ac6/systemworkbench/plugins/fr.ac6.mcu.externaltools.arm-none.win32_1.17.0.201812190825/tools/compiler/bin/../lib/gcc/arm-none-eabi/7.3.1/thumb/v7e-m/fpv4-sp/hard\libgcc.a(_aeabi_uldivmod.o)
                0x08000de8                __aeabi_uldivmod
 .text          0x08000e18      0x2cc c:/ac6/systemworkbench/plugins/fr.ac6.mcu.externaltools.arm-none.win32_1.17.0.201812190825/tools/compiler/bin/../lib/gcc/arm-none-eabi/7.3.1/thumb/v7e-m/fpv4-sp/hard\libgcc.a(_udivmoddi4.o)
                0x08000e18                __udivmoddi4
 .text          0x080010e4        0x4 c:/ac6/systemworkbench/plugins/fr.ac6.mcu.externaltools.arm-none.win32_1.17.0.201812190825/tools/compiler/bin/../lib/gcc/arm-none-eabi/7.3.1/thumb/v7e-m/fpv4-sp/hard\libgcc.a(_dvmd_tls.o)
                0x080010e4                __aeabi_idiv0
                0x080010e4                __aeabi_ldiv0
 *(.text*)
 .text.EXTI_Init
                0x080010e8       0xe4 StdPeriph_Driver/src/stm32f4xx_exti.o
                0x080010e8                EXTI_Init
 .text.GPIO_Init
                0x080011cc      0x11c StdPeriph_Driver/src/stm32f4xx_gpio.o
                0x080011cc                GPIO_Init
 .text.GPIO_PinAFConfig
                0x080012e8       0x92 StdPeriph_Driver/src/stm32f4xx_gpio.o
                0x080012e8                GPIO_PinAFConfig
 *fill*         0x0800137a        0x2 
 .text.RCC_DeInit
                0x0800137c       0x70 StdPeriph_Driver/src/stm32f4xx_rcc.o
                0x0800137c                RCC_DeInit
 .text.RCC_GetClocksFreq
                0x080013ec      0x1f4 StdPeriph_Driver/src/stm32f4xx_rcc.o
                0x080013ec                RCC_GetClocksFreq
 .text.RCC_AHB1PeriphClockCmd
                0x080015e0       0x40 StdPeriph_Driver/src/stm32f4xx_rcc.o
                0x080015e0                RCC_AHB1PeriphClockCmd
 .text.RCC_APB1PeriphClockCmd
                0x08001620       0x40 StdPeriph_Driver/src/stm32f4xx_rcc.o
                0x08001620                RCC_APB1PeriphClockCmd
 .text.RCC_APB2PeriphClockCmd
                0x08001660       0x40 StdPeriph_Driver/src/stm32f4xx_rcc.o
                0x08001660                RCC_APB2PeriphClockCmd
 .text.SYSCFG_EXTILineConfig
                0x080016a0       0x84 StdPeriph_Driver/src/stm32f4xx_syscfg.o
                0x080016a0                SYSCFG_EXTILineConfig
 .text.USART_Init
                0x08001724      0x174 StdPeriph_Driver/src/stm32f4xx_usart.o
                0x08001724                USART_Init
 .text.USART_Cmd
                0x08001898       0x40 StdPeriph_Driver/src/stm32f4xx_usart.o
                0x08001898                USART_Cmd
 .text.USART_SendData
                0x080018d8       0x24 StdPeriph_Driver/src/stm32f4xx_usart.o
                0x080018d8                USART_SendData
 .text.USART_GetFlagStatus
                0x080018fc       0x38 StdPeriph_Driver/src/stm32f4xx_usart.o
                0x080018fc                USART_GetFlagStatus
 .text.vListInitialise
                0x08001934       0x40 Third-Party/FreeRTOS/org/Source/list.o
                0x08001934                vListInitialise
 .text.vListInitialiseItem
                0x08001974       0x1a Third-Party/FreeRTOS/org/Source/list.o
                0x08001974                vListInitialiseItem
 .text.vListInsertEnd
                0x0800198e       0x48 Third-Party/FreeRTOS/org/Source/list.o
                0x0800198e                vListInsertEnd
 .text.vListInsert
                0x080019d6       0x72 Third-Party/FreeRTOS/org/Source/list.o
                0x080019d6                vListInsert
 .text.uxListRemove
                0x08001a48       0x54 Third-Party/FreeRTOS/org/Source/list.o
                0x08001a48                uxListRemove
 .text.xQueueGenericReset
                0x08001a9c       0xd0 Third-Party/FreeRTOS/org/Source/queue.o
                0x08001a9c                xQueueGenericReset
 .text.xQueueGenericCreate
                0x08001b6c       0x76 Third-Party/FreeRTOS/org/Source/queue.o
                0x08001b6c                xQueueGenericCreate
 .text.prvInitialiseNewQueue
                0x08001be2       0x52 Third-Party/FreeRTOS/org/Source/queue.o
 .text.xQueueGenericSend
                0x08001c34      0x214 Third-Party/FreeRTOS/org/Source/queue.o
                0x08001c34                xQueueGenericSend
 .text.xQueueReceive
                0x08001e48      0x1f8 Third-Party/FreeRTOS/org/Source/queue.o
                0x08001e48                xQueueReceive
 .text.prvCopyDataToQueue
                0x08002040       0xd4 Third-Party/FreeRTOS/org/Source/queue.o
 .text.prvCopyDataFromQueue
                0x08002114       0x4c Third-Party/FreeRTOS/org/Source/queue.o
 .text.prvUnlockQueue
                0x08002160       0xa4 Third-Party/FreeRTOS/org/Source/queue.o
 .text.prvIsQueueEmpty
                0x08002204       0x2c Third-Party/FreeRTOS/org/Source/queue.o
 .text.prvIsQueueFull
                0x08002230       0x30 Third-Party/FreeRTOS/org/Source/queue.o
 .text.xTaskCreate
                0x08002260       0x82 Third-Party/FreeRTOS/org/Source/tasks.o
                0x08002260                xTaskCreate
 .text.prvInitialiseNewTask
                0x080022e2      0x126 Third-Party/FreeRTOS/org/Source/tasks.o
 .text.prvAddNewTaskToReadyList
                0x08002408      0x118 Third-Party/FreeRTOS/org/Source/tasks.o
 .text.vTaskStartScheduler
                0x08002520       0xac Third-Party/FreeRTOS/org/Source/tasks.o
                0x08002520                vTaskStartScheduler
 .text.vTaskSuspendAll
                0x080025cc       0x1c Third-Party/FreeRTOS/org/Source/tasks.o
                0x080025cc                vTaskSuspendAll
 .text.xTaskResumeAll
                0x080025e8      0x140 Third-Party/FreeRTOS/org/Source/tasks.o
                0x080025e8                xTaskResumeAll
 .text.xTaskGetTickCountFromISR
                0x08002728       0x24 Third-Party/FreeRTOS/org/Source/tasks.o
                0x08002728                xTaskGetTickCountFromISR
 .text.xTaskIncrementTick
                0x0800274c      0x178 Third-Party/FreeRTOS/org/Source/tasks.o
                0x0800274c                xTaskIncrementTick
 .text.vTaskSwitchContext
                0x080028c4       0xd0 Third-Party/FreeRTOS/org/Source/tasks.o
                0x080028c4                vTaskSwitchContext
 .text.vTaskPlaceOnEventList
                0x08002994       0x48 Third-Party/FreeRTOS/org/Source/tasks.o
                0x08002994                vTaskPlaceOnEventList
 .text.xTaskRemoveFromEventList
                0x080029dc       0xcc Third-Party/FreeRTOS/org/Source/tasks.o
                0x080029dc                xTaskRemoveFromEventList
 .text.vTaskInternalSetTimeOutState
                0x08002aa8       0x2c Third-Party/FreeRTOS/org/Source/tasks.o
                0x08002aa8                vTaskInternalSetTimeOutState
 .text.xTaskCheckForTimeOut
                0x08002ad4       0xc0 Third-Party/FreeRTOS/org/Source/tasks.o
                0x08002ad4                xTaskCheckForTimeOut
 .text.vTaskMissedYield
                0x08002b94       0x18 Third-Party/FreeRTOS/org/Source/tasks.o
                0x08002b94                vTaskMissedYield
 .text.prvIdleTask
                0x08002bac       0x30 Third-Party/FreeRTOS/org/Source/tasks.o
 .text.prvInitialiseTaskLists
                0x08002bdc       0x80 Third-Party/FreeRTOS/org/Source/tasks.o
 .text.prvCheckTasksWaitingTermination
                0x08002c5c       0x58 Third-Party/FreeRTOS/org/Source/tasks.o
 .text.prvDeleteTCB
                0x08002cb4       0x20 Third-Party/FreeRTOS/org/Source/tasks.o
 .text.prvResetNextTaskUnblockTime
                0x08002cd4       0x40 Third-Party/FreeRTOS/org/Source/tasks.o
 .text.xTaskPriorityDisinherit
                0x08002d14      0x110 Third-Party/FreeRTOS/org/Source/tasks.o
                0x08002d14                xTaskPriorityDisinherit
 .text.prvAddCurrentTaskToDelayedList
                0x08002e24       0xf0 Third-Party/FreeRTOS/org/Source/tasks.o
 .text.pxPortInitialiseStack
                0x08002f14       0x68 Third-Party/FreeRTOS/org/Source/portable/GCC/ARM_CM4F/port.o
                0x08002f14                pxPortInitialiseStack
 .text.prvTaskExitError
                0x08002f7c       0x54 Third-Party/FreeRTOS/org/Source/portable/GCC/ARM_CM4F/port.o
 .text.SVC_Handler
                0x08002fd0       0x28 Third-Party/FreeRTOS/org/Source/portable/GCC/ARM_CM4F/port.o
                0x08002fd0                SVC_Handler
 .text.prvPortStartFirstTask
                0x08002ff8       0x28 Third-Party/FreeRTOS/org/Source/portable/GCC/ARM_CM4F/port.o
 .text.xPortStartScheduler
                0x08003020      0x13c Third-Party/FreeRTOS/org/Source/portable/GCC/ARM_CM4F/port.o
                0x08003020                xPortStartScheduler
 .text.vPortEnterCritical
                0x0800315c       0x5c Third-Party/FreeRTOS/org/Source/portable/GCC/ARM_CM4F/port.o
                0x0800315c                vPortEnterCritical
 .text.vPortExitCritical
                0x080031b8       0x50 Third-Party/FreeRTOS/org/Source/portable/GCC/ARM_CM4F/port.o
                0x080031b8                vPortExitCritical
 *fill*         0x08003208        0x8 
 .text.PendSV_Handler
                0x08003210       0x68 Third-Party/FreeRTOS/org/Source/portable/GCC/ARM_CM4F/port.o
                0x08003210                PendSV_Handler
 .text.SysTick_Handler
                0x08003278       0x54 Third-Party/FreeRTOS/org/Source/portable/GCC/ARM_CM4F/port.o
                0x08003278                SysTick_Handler
 .text.vPortSetupTimerInterrupt
                0x080032cc       0x48 Third-Party/FreeRTOS/org/Source/portable/GCC/ARM_CM4F/port.o
                0x080032cc                vPortSetupTimerInterrupt
 .text.vPortEnableVFP
                0x08003314       0x14 Third-Party/FreeRTOS/org/Source/portable/GCC/ARM_CM4F/port.o
 .text.vPortValidateInterruptPriority
                0x08003328       0x7c Third-Party/FreeRTOS/org/Source/portable/GCC/ARM_CM4F/port.o
                0x08003328                vPortValidateInterruptPriority
 .text.pvPortMalloc
                0x080033a4      0x184 Third-Party/FreeRTOS/org/Source/portable/MemMang/heap_4.o
                0x080033a4                pvPortMalloc
 .text.vPortFree
                0x08003528       0xb0 Third-Party/FreeRTOS/org/Source/portable/MemMang/heap_4.o
                0x08003528                vPortFree
 .text.prvHeapInit
                0x080035d8       0xc4 Third-Party/FreeRTOS/org/Source/portable/MemMang/heap_4.o
 .text.prvInsertBlockIntoFreeList
                0x0800369c       0xb4 Third-Party/FreeRTOS/org/Source/portable/MemMang/heap_4.o
 .text._cbSendSystemDesc
                0x08003750       0x1c Third-Party/SEGGER/Config/SEGGER_SYSVIEW_Config_FreeRTOS.o
 .text.SEGGER_SYSVIEW_Conf
                0x0800376c       0x2c Third-Party/SEGGER/Config/SEGGER_SYSVIEW_Config_FreeRTOS.o
                0x0800376c                SEGGER_SYSVIEW_Conf
 .text._cbSendTaskList
                0x08003798       0x90 Third-Party/SEGGER/OS/SEGGER_SYSVIEW_FreeRTOS.o
 .text._cbGetTime
                0x08003828       0x76 Third-Party/SEGGER/OS/SEGGER_SYSVIEW_FreeRTOS.o
 *fill*         0x0800389e        0x2 
 .text.SYSVIEW_AddTask
                0x080038a0       0xd0 Third-Party/SEGGER/OS/SEGGER_SYSVIEW_FreeRTOS.o
                0x080038a0                SYSVIEW_AddTask
 .text.SYSVIEW_SendTaskInfo
                0x08003970       0x42 Third-Party/SEGGER/OS/SEGGER_SYSVIEW_FreeRTOS.o
                0x08003970                SYSVIEW_SendTaskInfo
 *fill*         0x080039b2        0x2 
 .text._DoInit  0x080039b4       0xa4 Third-Party/SEGGER/SEGGER/SEGGER_RTT.o
 .text.SEGGER_RTT_ReadNoLock
                0x08003a58      0x104 Third-Party/SEGGER/SEGGER/SEGGER_RTT.o
                0x08003a58                SEGGER_RTT_ReadNoLock
 .text.SEGGER_RTT_WriteSkipNoLock
                0x08003b5c      0x120 Third-Party/SEGGER/SEGGER/SEGGER_RTT.o
                0x08003b5c                SEGGER_RTT_WriteSkipNoLock
 .text.SEGGER_RTT_ConfigUpBuffer
                0x08003c7c       0xd4 Third-Party/SEGGER/SEGGER/SEGGER_RTT.o
                0x08003c7c                SEGGER_RTT_ConfigUpBuffer
 .text.SEGGER_RTT_ConfigDownBuffer
                0x08003d50       0xd4 Third-Party/SEGGER/SEGGER/SEGGER_RTT.o
                0x08003d50                SEGGER_RTT_ConfigDownBuffer
 .text._EncodeStr
                0x08003e24       0x9a Third-Party/SEGGER/SEGGER/SEGGER_SYSVIEW.o
 .text._PreparePacket
                0x08003ebe       0x18 Third-Party/SEGGER/SEGGER/SEGGER_SYSVIEW.o
 .text._HandleIncomingPacket
                0x08003ed6       0xb8 Third-Party/SEGGER/SEGGER/SEGGER_SYSVIEW.o
 *fill*         0x08003f8e        0x2 
 .text._TrySendOverflowPacket
                0x08003f90       0xe0 Third-Party/SEGGER/SEGGER/SEGGER_SYSVIEW.o
 .text._SendPacket
                0x08004070      0x1a8 Third-Party/SEGGER/SEGGER/SEGGER_SYSVIEW.o
 .text.SEGGER_SYSVIEW_Init
                0x08004218       0x7c Third-Party/SEGGER/SEGGER/SEGGER_SYSVIEW.o
                0x08004218                SEGGER_SYSVIEW_Init
 .text.SEGGER_SYSVIEW_SetRAMBase
                0x08004294       0x20 Third-Party/SEGGER/SEGGER/SEGGER_SYSVIEW.o
                0x08004294                SEGGER_SYSVIEW_SetRAMBase
 .text.SEGGER_SYSVIEW_RecordVoid
                0x080042b4       0x3c Third-Party/SEGGER/SEGGER/SEGGER_SYSVIEW.o
                0x080042b4                SEGGER_SYSVIEW_RecordVoid
 .text.SEGGER_SYSVIEW_RecordU32
                0x080042f0       0x78 Third-Party/SEGGER/SEGGER/SEGGER_SYSVIEW.o
                0x080042f0                SEGGER_SYSVIEW_RecordU32
 .text.SEGGER_SYSVIEW_RecordU32x2
                0x08004368       0xb4 Third-Party/SEGGER/SEGGER/SEGGER_SYSVIEW.o
                0x08004368                SEGGER_SYSVIEW_RecordU32x2
 .text.SEGGER_SYSVIEW_RecordU32x3
                0x0800441c       0xec Third-Party/SEGGER/SEGGER/SEGGER_SYSVIEW.o
                0x0800441c                SEGGER_SYSVIEW_RecordU32x3
 .text.SEGGER_SYSVIEW_RecordU32x4
                0x08004508      0x124 Third-Party/SEGGER/SEGGER/SEGGER_SYSVIEW.o
                0x08004508                SEGGER_SYSVIEW_RecordU32x4
 .text.SEGGER_SYSVIEW_Start
                0x0800462c      0x178 Third-Party/SEGGER/SEGGER/SEGGER_SYSVIEW.o
                0x0800462c                SEGGER_SYSVIEW_Start
 .text.SEGGER_SYSVIEW_Stop
                0x080047a4       0x4c Third-Party/SEGGER/SEGGER/SEGGER_SYSVIEW.o
                0x080047a4                SEGGER_SYSVIEW_Stop
 .text.SEGGER_SYSVIEW_GetSysDesc
                0x080047f0      0x134 Third-Party/SEGGER/SEGGER/SEGGER_SYSVIEW.o
                0x080047f0                SEGGER_SYSVIEW_GetSysDesc
 .text.SEGGER_SYSVIEW_SendTaskInfo
                0x08004924      0x1cc Third-Party/SEGGER/SEGGER/SEGGER_SYSVIEW.o
                0x08004924                SEGGER_SYSVIEW_SendTaskInfo
 .text.SEGGER_SYSVIEW_SendTaskList
                0x08004af0       0x28 Third-Party/SEGGER/SEGGER/SEGGER_SYSVIEW.o
                0x08004af0                SEGGER_SYSVIEW_SendTaskList
 .text.SEGGER_SYSVIEW_SendSysDesc
                0x08004b18       0x48 Third-Party/SEGGER/SEGGER/SEGGER_SYSVIEW.o
                0x08004b18                SEGGER_SYSVIEW_SendSysDesc
 .text.SEGGER_SYSVIEW_RecordSystime
                0x08004b60       0x60 Third-Party/SEGGER/SEGGER/SEGGER_SYSVIEW.o
                0x08004b60                SEGGER_SYSVIEW_RecordSystime
 .text.SEGGER_SYSVIEW_RecordEnterISR
                0x08004bc0       0x84 Third-Party/SEGGER/SEGGER/SEGGER_SYSVIEW.o
                0x08004bc0                SEGGER_SYSVIEW_RecordEnterISR
 .text.SEGGER_SYSVIEW_RecordExitISR
                0x08004c44       0x38 Third-Party/SEGGER/SEGGER/SEGGER_SYSVIEW.o
                0x08004c44                SEGGER_SYSVIEW_RecordExitISR
 .text.SEGGER_SYSVIEW_RecordExitISRToScheduler
                0x08004c7c       0x38 Third-Party/SEGGER/SEGGER/SEGGER_SYSVIEW.o
                0x08004c7c                SEGGER_SYSVIEW_RecordExitISRToScheduler
 .text.SEGGER_SYSVIEW_OnIdle
                0x08004cb4       0x38 Third-Party/SEGGER/SEGGER/SEGGER_SYSVIEW.o
                0x08004cb4                SEGGER_SYSVIEW_OnIdle
 .text.SEGGER_SYSVIEW_OnTaskCreate
                0x08004cec       0x88 Third-Party/SEGGER/SEGGER/SEGGER_SYSVIEW.o
                0x08004cec                SEGGER_SYSVIEW_OnTaskCreate
 .text.SEGGER_SYSVIEW_OnTaskStartExec
                0x08004d74       0x88 Third-Party/SEGGER/SEGGER/SEGGER_SYSVIEW.o
                0x08004d74                SEGGER_SYSVIEW_OnTaskStartExec
 .text.SEGGER_SYSVIEW_OnTaskStartReady
                0x08004dfc       0x88 Third-Party/SEGGER/SEGGER/SEGGER_SYSVIEW.o
                0x08004dfc                SEGGER_SYSVIEW_OnTaskStartReady
 .text.SEGGER_SYSVIEW_OnTaskStopReady
                0x08004e84       0xc0 Third-Party/SEGGER/SEGGER/SEGGER_SYSVIEW.o
                0x08004e84                SEGGER_SYSVIEW_OnTaskStopReady
 .text.SEGGER_SYSVIEW_ShrinkId
                0x08004f44       0x24 Third-Party/SEGGER/SEGGER/SEGGER_SYSVIEW.o
                0x08004f44                SEGGER_SYSVIEW_ShrinkId
 .text.SEGGER_SYSVIEW_SendModule
                0x08004f68      0x100 Third-Party/SEGGER/SEGGER/SEGGER_SYSVIEW.o
                0x08004f68                SEGGER_SYSVIEW_SendModule
 .text.SEGGER_SYSVIEW_SendModuleDescription
                0x08005068       0x3c Third-Party/SEGGER/SEGGER/SEGGER_SYSVIEW.o
                0x08005068                SEGGER_SYSVIEW_SendModuleDescription
 .text.SEGGER_SYSVIEW_SendNumModules
                0x080050a4       0x7c Third-Party/SEGGER/SEGGER/SEGGER_SYSVIEW.o
                0x080050a4                SEGGER_SYSVIEW_SendNumModules
 .text.SEGGER_SYSVIEW_Warn
                0x08005120       0xb8 Third-Party/SEGGER/SEGGER/SEGGER_SYSVIEW.o
                0x08005120                SEGGER_SYSVIEW_Warn
 .text.main     0x080051d8       0xe8 src/main.o
                0x080051d8                main
 .text.vSenderTask
                0x080052c0       0x54 src/main.o
 .text.vReceiverTask
                0x08005314       0x64 src/main.o
 .text.prvSetupHardware
                0x08005378       0x10 src/main.o
 .text.printmsg
                0x08005388       0x60 src/main.o
                0x08005388                printmsg
 .text.prvSetupUart
                0x080053e8       0xa4 src/main.o
 .text.prvSetupGpio
                0x0800548c       0x94 src/main.o
                0x0800548c                prvSetupGpio
 .text._sbrk    0x08005520       0x58 src/syscalls.o
                0x08005520                _sbrk
 .text.SystemInit
                0x08005578       0x6c src/system_stm32f4xx.o
                0x08005578                SystemInit
 .text.SystemCoreClockUpdate
                0x080055e4      0x19c src/system_stm32f4xx.o
                0x080055e4                SystemCoreClockUpdate
 .text.SetSysClock
                0x08005780      0x12c src/system_stm32f4xx.o
 .text.Reset_Handler
                0x080058ac       0x50 startup/startup_stm32.o
                0x080058ac                Reset_Handler
 .text.Default_Handler
                0x080058fc        0x2 startup/startup_stm32.o
                0x080058fc                RTC_Alarm_IRQHandler
                0x080058fc                EXTI2_IRQHandler
                0x080058fc                TIM8_CC_IRQHandler
                0x080058fc                DebugMon_Handler
                0x080058fc                UART8_IRQHandler
                0x080058fc                SPI4_IRQHandler
                0x080058fc                TIM1_CC_IRQHandler
                0x080058fc                DMA2_Stream5_IRQHandler
                0x080058fc                HardFault_Handler
                0x080058fc                DMA1_Stream5_IRQHandler
                0x080058fc                TAMP_STAMP_IRQHandler
                0x080058fc                NMI_Handler
                0x080058fc                CAN2_RX1_IRQHandler
                0x080058fc                EXTI3_IRQHandler
                0x080058fc                TIM8_TRG_COM_TIM14_IRQHandler
                0x080058fc                TIM1_UP_TIM10_IRQHandler
                0x080058fc                TIM8_UP_TIM13_IRQHandler
                0x080058fc                I2C3_ER_IRQHandler
                0x080058fc                LCD_TFT_IRQHandler
                0x080058fc                EXTI0_IRQHandler
                0x080058fc                I2C2_EV_IRQHandler
                0x080058fc                DMA1_Stream2_IRQHandler
                0x080058fc                CAN1_RX0_IRQHandler
                0x080058fc                FPU_IRQHandler
                0x080058fc                UsageFault_Handler
                0x080058fc                CAN2_SCE_IRQHandler
                0x080058fc                DMA2_Stream2_IRQHandler
                0x080058fc                SPI1_IRQHandler
                0x080058fc                TIM6_DAC_IRQHandler
                0x080058fc                TIM1_BRK_TIM9_IRQHandler
                0x080058fc                DCMI_IRQHandler
                0x080058fc                CAN2_RX0_IRQHandler
                0x080058fc                DMA2_Stream3_IRQHandler
                0x080058fc                USART6_IRQHandler
                0x080058fc                USART3_IRQHandler
                0x080058fc                CAN1_RX1_IRQHandler
                0x080058fc                UART5_IRQHandler
                0x080058fc                DMA2_Stream0_IRQHandler
                0x080058fc                TIM4_IRQHandler
                0x080058fc                I2C1_EV_IRQHandler
                0x080058fc                DMA1_Stream6_IRQHandler
                0x080058fc                DMA1_Stream1_IRQHandler
                0x080058fc                UART4_IRQHandler
                0x080058fc                LCD_TFT_1_IRQHandler
                0x080058fc                TIM3_IRQHandler
                0x080058fc                RCC_IRQHandler
                0x080058fc                TIM8_BRK_TIM12_IRQHandler
                0x080058fc                Default_Handler
                0x080058fc                EXTI15_10_IRQHandler
                0x080058fc                ADC_IRQHandler
                0x080058fc                DMA1_Stream7_IRQHandler
                0x080058fc                TIM7_IRQHandler
                0x080058fc                CAN2_TX_IRQHandler
                0x080058fc                TIM5_IRQHandler
                0x080058fc                DMA2_Stream7_IRQHandler
                0x080058fc                I2C3_EV_IRQHandler
                0x080058fc                EXTI9_5_IRQHandler
                0x080058fc                RTC_WKUP_IRQHandler
                0x080058fc                ETH_WKUP_IRQHandler
                0x080058fc                SPI2_IRQHandler
                0x080058fc                MemManage_Handler
                0x080058fc                DMA1_Stream0_IRQHandler
                0x080058fc                CAN1_TX_IRQHandler
                0x080058fc                EXTI4_IRQHandler
                0x080058fc                ETH_IRQHandler
                0x080058fc                WWDG_IRQHandler
                0x080058fc                TIM2_IRQHandler
                0x080058fc                OTG_FS_WKUP_IRQHandler
                0x080058fc                TIM1_TRG_COM_TIM11_IRQHandler
                0x080058fc                EXTI1_IRQHandler
                0x080058fc                UART7_IRQHandler
                0x080058fc                USART2_IRQHandler
                0x080058fc                I2C2_ER_IRQHandler
                0x080058fc                DMA2_Stream1_IRQHandler
                0x080058fc                CAN1_SCE_IRQHandler
                0x080058fc                FLASH_IRQHandler
                0x080058fc                DMA2_Stream4_IRQHandler
                0x080058fc                BusFault_Handler
                0x080058fc                USART1_IRQHandler
                0x080058fc                OTG_FS_IRQHandler
                0x080058fc                SPI3_IRQHandler
                0x080058fc                DMA1_Stream4_IRQHandler
                0x080058fc                I2C1_ER_IRQHandler
                0x080058fc                FMC_IRQHandler
                0x080058fc                DMA2_Stream6_IRQHandler
                0x080058fc                DMA1_Stream3_IRQHandler
 *fill*         0x080058fe        0x2 
 .text.__errno  0x08005900        0xc c:/ac6/systemworkbench/plugins/fr.ac6.mcu.externaltools.arm-none.win32_1.17.0.201812190825/tools/compiler/bin/../lib/gcc/arm-none-eabi/7.3.1/../../../../arm-none-eabi/lib/thumb/v7e-m/fpv4-sp/hard\libc.a(lib_a-errno.o)
                0x08005900                __errno
 .text.__libc_init_array
                0x0800590c       0x48 c:/ac6/systemworkbench/plugins/fr.ac6.mcu.externaltools.arm-none.win32_1.17.0.201812190825/tools/compiler/bin/../lib/gcc/arm-none-eabi/7.3.1/../../../../arm-none-eabi/lib/thumb/v7e-m/fpv4-sp/hard\libc.a(lib_a-init.o)
                0x0800590c                __libc_init_array
 .text.memcmp   0x08005954       0x64 c:/ac6/systemworkbench/plugins/fr.ac6.mcu.externaltools.arm-none.win32_1.17.0.201812190825/tools/compiler/bin/../lib/gcc/arm-none-eabi/7.3.1/../../../../arm-none-eabi/lib/thumb/v7e-m/fpv4-sp/hard\libc.a(lib_a-memcmp.o)
                0x08005954                memcmp
 .text.memset   0x080059b8       0x94 c:/ac6/systemworkbench/plugins/fr.ac6.mcu.externaltools.arm-none.win32_1.17.0.201812190825/tools/compiler/bin/../lib/gcc/arm-none-eabi/7.3.1/../../../../arm-none-eabi/lib/thumb/v7e-m/fpv4-sp/hard\libc.a(lib_a-memset.o)
                0x080059b8                memset
 .text.sprintf  0x08005a4c       0x44 c:/ac6/systemworkbench/plugins/fr.ac6.mcu.externaltools.arm-none.win32_1.17.0.201812190825/tools/compiler/bin/../lib/gcc/arm-none-eabi/7.3.1/../../../../arm-none-eabi/lib/thumb/v7e-m/fpv4-sp/hard\libc.a(lib_a-sprintf.o)
                0x08005a4c                sprintf
 .text._svfprintf_r
                0x08005a90     0x19cc c:/ac6/systemworkbench/plugins/fr.ac6.mcu.externaltools.arm-none.win32_1.17.0.201812190825/tools/compiler/bin/../lib/gcc/arm-none-eabi/7.3.1/../../../../arm-none-eabi/lib/thumb/v7e-m/fpv4-sp/hard\libc.a(lib_a-svfprintf.o)
                0x08005a90                _svfprintf_r
 .text.startup.register_fini
                0x0800745c       0x14 c:/ac6/systemworkbench/plugins/fr.ac6.mcu.externaltools.arm-none.win32_1.17.0.201812190825/tools/compiler/bin/../lib/gcc/arm-none-eabi/7.3.1/../../../../arm-none-eabi/lib/thumb/v7e-m/fpv4-sp/hard\libc.a(lib_a-__call_atexit.o)
 .text.atexit   0x08007470        0xc c:/ac6/systemworkbench/plugins/fr.ac6.mcu.externaltools.arm-none.win32_1.17.0.201812190825/tools/compiler/bin/../lib/gcc/arm-none-eabi/7.3.1/../../../../arm-none-eabi/lib/thumb/v7e-m/fpv4-sp/hard\libc.a(lib_a-atexit.o)
                0x08007470                atexit
 .text.quorem   0x0800747c      0x124 c:/ac6/systemworkbench/plugins/fr.ac6.mcu.externaltools.arm-none.win32_1.17.0.201812190825/tools/compiler/bin/../lib/gcc/arm-none-eabi/7.3.1/../../../../arm-none-eabi/lib/thumb/v7e-m/fpv4-sp/hard\libc.a(lib_a-dtoa.o)
 .text._dtoa_r  0x080075a0      0xe20 c:/ac6/systemworkbench/plugins/fr.ac6.mcu.externaltools.arm-none.win32_1.17.0.201812190825/tools/compiler/bin/../lib/gcc/arm-none-eabi/7.3.1/../../../../arm-none-eabi/lib/thumb/v7e-m/fpv4-sp/hard\libc.a(lib_a-dtoa.o)
                0x080075a0                _dtoa_r
 .text.__libc_fini_array
                0x080083c0       0x34 c:/ac6/systemworkbench/plugins/fr.ac6.mcu.externaltools.arm-none.win32_1.17.0.201812190825/tools/compiler/bin/../lib/gcc/arm-none-eabi/7.3.1/../../../../arm-none-eabi/lib/thumb/v7e-m/fpv4-sp/hard\libc.a(lib_a-fini.o)
                0x080083c0                __libc_fini_array
 .text._malloc_trim_r
                0x080083f4       0xa0 c:/ac6/systemworkbench/plugins/fr.ac6.mcu.externaltools.arm-none.win32_1.17.0.201812190825/tools/compiler/bin/../lib/gcc/arm-none-eabi/7.3.1/../../../../arm-none-eabi/lib/thumb/v7e-m/fpv4-sp/hard\libc.a(lib_a-freer.o)
                0x080083f4                _malloc_trim_r
 .text._free_r  0x08008494      0x1e8 c:/ac6/systemworkbench/plugins/fr.ac6.mcu.externaltools.arm-none.win32_1.17.0.201812190825/tools/compiler/bin/../lib/gcc/arm-none-eabi/7.3.1/../../../../arm-none-eabi/lib/thumb/v7e-m/fpv4-sp/hard\libc.a(lib_a-freer.o)
                0x08008494                _free_r
 .text._localeconv_r
                0x0800867c       0x1c c:/ac6/systemworkbench/plugins/fr.ac6.mcu.externaltools.arm-none.win32_1.17.0.201812190825/tools/compiler/bin/../lib/gcc/arm-none-eabi/7.3.1/../../../../arm-none-eabi/lib/thumb/v7e-m/fpv4-sp/hard\libc.a(lib_a-localeconv.o)
                0x0800867c                _localeconv_r
 .text.__retarget_lock_acquire_recursive
                0x08008698        0x4 c:/ac6/systemworkbench/plugins/fr.ac6.mcu.externaltools.arm-none.win32_1.17.0.201812190825/tools/compiler/bin/../lib/gcc/arm-none-eabi/7.3.1/../../../../arm-none-eabi/lib/thumb/v7e-m/fpv4-sp/hard\libc.a(lib_a-lock.o)
                0x08008698                __retarget_lock_acquire_recursive
 .text.__retarget_lock_release_recursive
                0x0800869c        0x4 c:/ac6/systemworkbench/plugins/fr.ac6.mcu.externaltools.arm-none.win32_1.17.0.201812190825/tools/compiler/bin/../lib/gcc/arm-none-eabi/7.3.1/../../../../arm-none-eabi/lib/thumb/v7e-m/fpv4-sp/hard\libc.a(lib_a-lock.o)
                0x0800869c                __retarget_lock_release_recursive
 .text._malloc_r
                0x080086a0      0x548 c:/ac6/systemworkbench/plugins/fr.ac6.mcu.externaltools.arm-none.win32_1.17.0.201812190825/tools/compiler/bin/../lib/gcc/arm-none-eabi/7.3.1/../../../../arm-none-eabi/lib/thumb/v7e-m/fpv4-sp/hard\libc.a(lib_a-mallocr.o)
                0x080086a0                _malloc_r
 .text.__malloc_lock
                0x08008be8        0xc c:/ac6/systemworkbench/plugins/fr.ac6.mcu.externaltools.arm-none.win32_1.17.0.201812190825/tools/compiler/bin/../lib/gcc/arm-none-eabi/7.3.1/../../../../arm-none-eabi/lib/thumb/v7e-m/fpv4-sp/hard\libc.a(lib_a-mlock.o)
                0x08008be8                __malloc_lock
 .text.__malloc_unlock
                0x08008bf4        0xc c:/ac6/systemworkbench/plugins/fr.ac6.mcu.externaltools.arm-none.win32_1.17.0.201812190825/tools/compiler/bin/../lib/gcc/arm-none-eabi/7.3.1/../../../../arm-none-eabi/lib/thumb/v7e-m/fpv4-sp/hard\libc.a(lib_a-mlock.o)
                0x08008bf4                __malloc_unlock
 .text._Balloc  0x08008c00       0x4c c:/ac6/systemworkbench/plugins/fr.ac6.mcu.externaltools.arm-none.win32_1.17.0.201812190825/tools/compiler/bin/../lib/gcc/arm-none-eabi/7.3.1/../../../../arm-none-eabi/lib/thumb/v7e-m/fpv4-sp/hard\libc.a(lib_a-mprec.o)
                0x08008c00                _Balloc
 .text._Bfree   0x08008c4c       0x14 c:/ac6/systemworkbench/plugins/fr.ac6.mcu.externaltools.arm-none.win32_1.17.0.201812190825/tools/compiler/bin/../lib/gcc/arm-none-eabi/7.3.1/../../../../arm-none-eabi/lib/thumb/v7e-m/fpv4-sp/hard\libc.a(lib_a-mprec.o)
                0x08008c4c                _Bfree
 .text.__multadd
                0x08008c60       0x80 c:/ac6/systemworkbench/plugins/fr.ac6.mcu.externaltools.arm-none.win32_1.17.0.201812190825/tools/compiler/bin/../lib/gcc/arm-none-eabi/7.3.1/../../../../arm-none-eabi/lib/thumb/v7e-m/fpv4-sp/hard\libc.a(lib_a-mprec.o)
                0x08008c60                __multadd
 .text.__hi0bits
                0x08008ce0       0x40 c:/ac6/systemworkbench/plugins/fr.ac6.mcu.externaltools.arm-none.win32_1.17.0.201812190825/tools/compiler/bin/../lib/gcc/arm-none-eabi/7.3.1/../../../../arm-none-eabi/lib/thumb/v7e-m/fpv4-sp/hard\libc.a(lib_a-mprec.o)
                0x08008ce0                __hi0bits
 .text.__lo0bits
                0x08008d20       0x60 c:/ac6/systemworkbench/plugins/fr.ac6.mcu.externaltools.arm-none.win32_1.17.0.201812190825/tools/compiler/bin/../lib/gcc/arm-none-eabi/7.3.1/../../../../arm-none-eabi/lib/thumb/v7e-m/fpv4-sp/hard\libc.a(lib_a-mprec.o)
                0x08008d20                __lo0bits
 .text.__i2b    0x08008d80       0x14 c:/ac6/systemworkbench/plugins/fr.ac6.mcu.externaltools.arm-none.win32_1.17.0.201812190825/tools/compiler/bin/../lib/gcc/arm-none-eabi/7.3.1/../../../../arm-none-eabi/lib/thumb/v7e-m/fpv4-sp/hard\libc.a(lib_a-mprec.o)
                0x08008d80                __i2b
 .text.__multiply
                0x08008d94      0x14c c:/ac6/systemworkbench/plugins/fr.ac6.mcu.externaltools.arm-none.win32_1.17.0.201812190825/tools/compiler/bin/../lib/gcc/arm-none-eabi/7.3.1/../../../../arm-none-eabi/lib/thumb/v7e-m/fpv4-sp/hard\libc.a(lib_a-mprec.o)
                0x08008d94                __multiply
 .text.__pow5mult
                0x08008ee0       0xa0 c:/ac6/systemworkbench/plugins/fr.ac6.mcu.externaltools.arm-none.win32_1.17.0.201812190825/tools/compiler/bin/../lib/gcc/arm-none-eabi/7.3.1/../../../../arm-none-eabi/lib/thumb/v7e-m/fpv4-sp/hard\libc.a(lib_a-mprec.o)
                0x08008ee0                __pow5mult
 .text.__lshift
                0x08008f80       0xac c:/ac6/systemworkbench/plugins/fr.ac6.mcu.externaltools.arm-none.win32_1.17.0.201812190825/tools/compiler/bin/../lib/gcc/arm-none-eabi/7.3.1/../../../../arm-none-eabi/lib/thumb/v7e-m/fpv4-sp/hard\libc.a(lib_a-mprec.o)
                0x08008f80                __lshift
 .text.__mcmp   0x0800902c       0x38 c:/ac6/systemworkbench/plugins/fr.ac6.mcu.externaltools.arm-none.win32_1.17.0.201812190825/tools/compiler/bin/../lib/gcc/arm-none-eabi/7.3.1/../../../../arm-none-eabi/lib/thumb/v7e-m/fpv4-sp/hard\libc.a(lib_a-mprec.o)
                0x0800902c                __mcmp
 .text.__mdiff  0x08009064       0xec c:/ac6/systemworkbench/plugins/fr.ac6.mcu.externaltools.arm-none.win32_1.17.0.201812190825/tools/compiler/bin/../lib/gcc/arm-none-eabi/7.3.1/../../../../arm-none-eabi/lib/thumb/v7e-m/fpv4-sp/hard\libc.a(lib_a-mprec.o)
                0x08009064                __mdiff
 .text.__d2b    0x08009150       0xc4 c:/ac6/systemworkbench/plugins/fr.ac6.mcu.externaltools.arm-none.win32_1.17.0.201812190825/tools/compiler/bin/../lib/gcc/arm-none-eabi/7.3.1/../../../../arm-none-eabi/lib/thumb/v7e-m/fpv4-sp/hard\libc.a(lib_a-mprec.o)
                0x08009150                __d2b
 .text.frexp    0x08009214       0x68 c:/ac6/systemworkbench/plugins/fr.ac6.mcu.externaltools.arm-none.win32_1.17.0.201812190825/tools/compiler/bin/../lib/gcc/arm-none-eabi/7.3.1/../../../../arm-none-eabi/lib/thumb/v7e-m/fpv4-sp/hard\libc.a(lib_a-s_frexp.o)
                0x08009214                frexp
 .text._sbrk_r  0x0800927c       0x24 c:/ac6/systemworkbench/plugins/fr.ac6.mcu.externaltools.arm-none.win32_1.17.0.201812190825/tools/compiler/bin/../lib/gcc/arm-none-eabi/7.3.1/../../../../arm-none-eabi/lib/thumb/v7e-m/fpv4-sp/hard\libc.a(lib_a-sbrkr.o)
                0x0800927c                _sbrk_r
 .text.strncpy  0x080092a0       0x64 c:/ac6/systemworkbench/plugins/fr.ac6.mcu.externaltools.arm-none.win32_1.17.0.201812190825/tools/compiler/bin/../lib/gcc/arm-none-eabi/7.3.1/../../../../arm-none-eabi/lib/thumb/v7e-m/fpv4-sp/hard\libc.a(lib_a-strncpy.o)
                0x080092a0                strncpy
 .text.__ssprint_r
                0x08009304       0xf4 c:/ac6/systemworkbench/plugins/fr.ac6.mcu.externaltools.arm-none.win32_1.17.0.201812190825/tools/compiler/bin/../lib/gcc/arm-none-eabi/7.3.1/../../../../arm-none-eabi/lib/thumb/v7e-m/fpv4-sp/hard\libc.a(lib_a-svfiprintf.o)
                0x08009304                __ssprint_r
 .text.__register_exitproc
                0x080093f8       0xc0 c:/ac6/systemworkbench/plugins/fr.ac6.mcu.externaltools.arm-none.win32_1.17.0.201812190825/tools/compiler/bin/../lib/gcc/arm-none-eabi/7.3.1/../../../../arm-none-eabi/lib/thumb/v7e-m/fpv4-sp/hard\libc.a(lib_a-__atexit.o)
                0x080093f8                __register_exitproc
 .text._calloc_r
                0x080094b8       0x68 c:/ac6/systemworkbench/plugins/fr.ac6.mcu.externaltools.arm-none.win32_1.17.0.201812190825/tools/compiler/bin/../lib/gcc/arm-none-eabi/7.3.1/../../../../arm-none-eabi/lib/thumb/v7e-m/fpv4-sp/hard\libc.a(lib_a-callocr.o)
                0x080094b8                _calloc_r
 .text.__ascii_mbtowc
                0x08009520       0x2c c:/ac6/systemworkbench/plugins/fr.ac6.mcu.externaltools.arm-none.win32_1.17.0.201812190825/tools/compiler/bin/../lib/gcc/arm-none-eabi/7.3.1/../../../../arm-none-eabi/lib/thumb/v7e-m/fpv4-sp/hard\libc.a(lib_a-mbtowc_r.o)
                0x08009520                __ascii_mbtowc
 .text.memmove  0x0800954c       0xc8 c:/ac6/systemworkbench/plugins/fr.ac6.mcu.externaltools.arm-none.win32_1.17.0.201812190825/tools/compiler/bin/../lib/gcc/arm-none-eabi/7.3.1/../../../../arm-none-eabi/lib/thumb/v7e-m/fpv4-sp/hard\libc.a(lib_a-memmove.o)
                0x0800954c                memmove
 .text._realloc_r
                0x08009614      0x35c c:/ac6/systemworkbench/plugins/fr.ac6.mcu.externaltools.arm-none.win32_1.17.0.201812190825/tools/compiler/bin/../lib/gcc/arm-none-eabi/7.3.1/../../../../arm-none-eabi/lib/thumb/v7e-m/fpv4-sp/hard\libc.a(lib_a-reallocr.o)
                0x08009614                _realloc_r
 .text.__ascii_wctomb
                0x08009970       0x1c c:/ac6/systemworkbench/plugins/fr.ac6.mcu.externaltools.arm-none.win32_1.17.0.201812190825/tools/compiler/bin/../lib/gcc/arm-none-eabi/7.3.1/../../../../arm-none-eabi/lib/thumb/v7e-m/fpv4-sp/hard\libc.a(lib_a-wctomb_r.o)
                0x08009970                __ascii_wctomb
 *(.glue_7)
 .glue_7        0x0800998c        0x0 linker stubs
 *(.glue_7t)
 .glue_7t       0x0800998c        0x0 linker stubs
 *(.eh_frame)
 .eh_frame      0x0800998c        0x0 c:/ac6/systemworkbench/plugins/fr.ac6.mcu.externaltools.arm-none.win32_1.17.0.201812190825/tools/compiler/bin/../lib/gcc/arm-none-eabi/7.3.1/thumb/v7e-m/fpv4-sp/hard/crtbegin.o
 *(.init)
 .init          0x0800998c        0x4 c:/ac6/systemworkbench/plugins/fr.ac6.mcu.externaltools.arm-none.win32_1.17.0.201812190825/tools/compiler/bin/../lib/gcc/arm-none-eabi/7.3.1/thumb/v7e-m/fpv4-sp/hard/crti.o
                0x0800998c                _init
 .init          0x08009990        0x8 c:/ac6/systemworkbench/plugins/fr.ac6.mcu.externaltools.arm-none.win32_1.17.0.201812190825/tools/compiler/bin/../lib/gcc/arm-none-eabi/7.3.1/thumb/v7e-m/fpv4-sp/hard/crtn.o
 *(.fini)
 .fini          0x08009998        0x4 c:/ac6/systemworkbench/plugins/fr.ac6.mcu.externaltools.arm-none.win32_1.17.0.201812190825/tools/compiler/bin/../lib/gcc/arm-none-eabi/7.3.1/thumb/v7e-m/fpv4-sp/hard/crti.o
                0x08009998                _fini
 .fini          0x0800999c        0x8 c:/ac6/systemworkbench/plugins/fr.ac6.mcu.externaltools.arm-none.win32_1.17.0.201812190825/tools/compiler/bin/../lib/gcc/arm-none-eabi/7.3.1/thumb/v7e-m/fpv4-sp/hard/crtn.o
                0x080099a4                . = ALIGN (0x4)
                0x080099a4                _etext = .

.vfp11_veneer   0x080099a4        0x0
 .vfp11_veneer  0x080099a4        0x0 linker stubs

.v4_bx          0x080099a4        0x0
 .v4_bx         0x080099a4        0x0 linker stubs

.iplt           0x080099a4        0x0
 .iplt          0x080099a4        0x0 c:/ac6/systemworkbench/plugins/fr.ac6.mcu.externaltools.arm-none.win32_1.17.0.201812190825/tools/compiler/bin/../lib/gcc/arm-none-eabi/7.3.1/thumb/v7e-m/fpv4-sp/hard/crtbegin.o

.rodata         0x080099a8      0x440
                0x080099a8                . = ALIGN (0x4)
 *(.rodata)
 .rodata        0x080099a8        0x5 Third-Party/FreeRTOS/org/Source/tasks.o
 *fill*         0x080099ad        0x3 
 .rodata        0x080099b0       0x51 Third-Party/SEGGER/Config/SEGGER_SYSVIEW_Config_FreeRTOS.o
 *fill*         0x08009a01        0x3 
 .rodata        0x08009a04       0x60 Third-Party/SEGGER/OS/SEGGER_SYSVIEW_FreeRTOS.o
                0x08009a5c                SYSVIEW_X_OS_TraceAPI
 .rodata        0x08009a64       0x17 Third-Party/SEGGER/SEGGER/SEGGER_RTT.o
 *fill*         0x08009a7b        0x1 
 .rodata        0x08009a7c       0x24 Third-Party/SEGGER/SEGGER/SEGGER_SYSVIEW.o
 .rodata        0x08009aa0       0xbc src/main.o
 *(.rodata*)
 .rodata._global_impure_ptr
                0x08009b5c        0x4 c:/ac6/systemworkbench/plugins/fr.ac6.mcu.externaltools.arm-none.win32_1.17.0.201812190825/tools/compiler/bin/../lib/gcc/arm-none-eabi/7.3.1/../../../../arm-none-eabi/lib/thumb/v7e-m/fpv4-sp/hard\libc.a(lib_a-impure.o)
                0x08009b5c                _global_impure_ptr
 .rodata._svfprintf_r.str1.4
                0x08009b60       0x42 c:/ac6/systemworkbench/plugins/fr.ac6.mcu.externaltools.arm-none.win32_1.17.0.201812190825/tools/compiler/bin/../lib/gcc/arm-none-eabi/7.3.1/../../../../arm-none-eabi/lib/thumb/v7e-m/fpv4-sp/hard\libc.a(lib_a-svfprintf.o)
 *fill*         0x08009ba2        0x2 
 .rodata.blanks.8590
                0x08009ba4       0x10 c:/ac6/systemworkbench/plugins/fr.ac6.mcu.externaltools.arm-none.win32_1.17.0.201812190825/tools/compiler/bin/../lib/gcc/arm-none-eabi/7.3.1/../../../../arm-none-eabi/lib/thumb/v7e-m/fpv4-sp/hard\libc.a(lib_a-svfprintf.o)
 .rodata.zeroes.8591
                0x08009bb4       0x10 c:/ac6/systemworkbench/plugins/fr.ac6.mcu.externaltools.arm-none.win32_1.17.0.201812190825/tools/compiler/bin/../lib/gcc/arm-none-eabi/7.3.1/../../../../arm-none-eabi/lib/thumb/v7e-m/fpv4-sp/hard\libc.a(lib_a-svfprintf.o)
 .rodata._dtoa_r.str1.4
                0x08009bc4       0x10 c:/ac6/systemworkbench/plugins/fr.ac6.mcu.externaltools.arm-none.win32_1.17.0.201812190825/tools/compiler/bin/../lib/gcc/arm-none-eabi/7.3.1/../../../../arm-none-eabi/lib/thumb/v7e-m/fpv4-sp/hard\libc.a(lib_a-dtoa.o)
                                 0x12 (size before relaxing)
 *fill*         0x08009bd4        0x4 
 .rodata.__mprec_bigtens
                0x08009bd8       0x28 c:/ac6/systemworkbench/plugins/fr.ac6.mcu.externaltools.arm-none.win32_1.17.0.201812190825/tools/compiler/bin/../lib/gcc/arm-none-eabi/7.3.1/../../../../arm-none-eabi/lib/thumb/v7e-m/fpv4-sp/hard\libc.a(lib_a-mprec.o)
                0x08009bd8                __mprec_bigtens
 .rodata.__mprec_tens
                0x08009c00       0xc8 c:/ac6/systemworkbench/plugins/fr.ac6.mcu.externaltools.arm-none.win32_1.17.0.201812190825/tools/compiler/bin/../lib/gcc/arm-none-eabi/7.3.1/../../../../arm-none-eabi/lib/thumb/v7e-m/fpv4-sp/hard\libc.a(lib_a-mprec.o)
                0x08009c00                __mprec_tens
 .rodata.p05.7367
                0x08009cc8        0xc c:/ac6/systemworkbench/plugins/fr.ac6.mcu.externaltools.arm-none.win32_1.17.0.201812190825/tools/compiler/bin/../lib/gcc/arm-none-eabi/7.3.1/../../../../arm-none-eabi/lib/thumb/v7e-m/fpv4-sp/hard\libc.a(lib_a-mprec.o)
 .rodata._setlocale_r.str1.4
                0x08009cd4        0xa c:/ac6/systemworkbench/plugins/fr.ac6.mcu.externaltools.arm-none.win32_1.17.0.201812190825/tools/compiler/bin/../lib/gcc/arm-none-eabi/7.3.1/../../../../arm-none-eabi/lib/thumb/v7e-m/fpv4-sp/hard\libc.a(lib_a-locale.o)
                                  0xd (size before relaxing)
 *fill*         0x08009cde        0x2 
 .rodata.str1.4
                0x08009ce0        0x4 c:/ac6/systemworkbench/plugins/fr.ac6.mcu.externaltools.arm-none.win32_1.17.0.201812190825/tools/compiler/bin/../lib/gcc/arm-none-eabi/7.3.1/../../../../arm-none-eabi/lib/thumb/v7e-m/fpv4-sp/hard\libc.a(lib_a-locale.o)
                                  0x2 (size before relaxing)
 .rodata._ctype_
                0x08009ce4      0x101 c:/ac6/systemworkbench/plugins/fr.ac6.mcu.externaltools.arm-none.win32_1.17.0.201812190825/tools/compiler/bin/../lib/gcc/arm-none-eabi/7.3.1/../../../../arm-none-eabi/lib/thumb/v7e-m/fpv4-sp/hard\libc.a(lib_a-ctype_.o)
                0x08009ce4                _ctype_
                0x08009de8                . = ALIGN (0x4)
 *fill*         0x08009de5        0x3 

.ARM.extab      0x08009de8        0x0
                0x08009de8                . = ALIGN (0x4)
 *(.ARM.extab* .gnu.linkonce.armextab.*)
                0x08009de8                . = ALIGN (0x4)

.ARM            0x08009de8        0x8
                0x08009de8                . = ALIGN (0x4)
                0x08009de8                __exidx_start = .
 *(.ARM.exidx*)
 .ARM.exidx     0x08009de8        0x8 c:/ac6/systemworkbench/plugins/fr.ac6.mcu.externaltools.arm-none.win32_1.17.0.201812190825/tools/compiler/bin/../lib/gcc/arm-none-eabi/7.3.1/thumb/v7e-m/fpv4-sp/hard\libgcc.a(_udivmoddi4.o)
                0x08009df0                __exidx_end = .
                0x08009df0                . = ALIGN (0x4)

.rel.dyn        0x08009df0        0x0
 .rel.iplt      0x08009df0        0x0 c:/ac6/systemworkbench/plugins/fr.ac6.mcu.externaltools.arm-none.win32_1.17.0.201812190825/tools/compiler/bin/../lib/gcc/arm-none-eabi/7.3.1/thumb/v7e-m/fpv4-sp/hard/crtbegin.o

.preinit_array  0x08009df0        0x0
                0x08009df0                . = ALIGN (0x4)
                0x08009df0                PROVIDE (__preinit_array_start = .)
 *(.preinit_array*)
                0x08009df0                PROVIDE (__preinit_array_end = .)
                0x08009df0                . = ALIGN (0x4)

.init_array     0x08009df0        0x8
                0x08009df0                . = ALIGN (0x4)
                0x08009df0                PROVIDE (__init_array_start = .)
 *(SORT_BY_NAME(.init_array.*))
 .init_array.00000
                0x08009df0        0x4 c:/ac6/systemworkbench/plugins/fr.ac6.mcu.externaltools.arm-none.win32_1.17.0.201812190825/tools/compiler/bin/../lib/gcc/arm-none-eabi/7.3.1/../../../../arm-none-eabi/lib/thumb/v7e-m/fpv4-sp/hard\libc.a(lib_a-__call_atexit.o)
 *(.init_array*)
 .init_array    0x08009df4        0x4 c:/ac6/systemworkbench/plugins/fr.ac6.mcu.externaltools.arm-none.win32_1.17.0.201812190825/tools/compiler/bin/../lib/gcc/arm-none-eabi/7.3.1/thumb/v7e-m/fpv4-sp/hard/crtbegin.o
                0x08009df8                PROVIDE (__init_array_end = .)
                0x08009df8                . = ALIGN (0x4)

.fini_array     0x08009df8        0x4
                0x08009df8                . = ALIGN (0x4)
                0x08009df8                PROVIDE (__fini_array_start = .)
 *(SORT_BY_NAME(.fini_array.*))
 *(.fini_array*)
 .fini_array    0x08009df8        0x4 c:/ac6/systemworkbench/plugins/fr.ac6.mcu.externaltools.arm-none.win32_1.17.0.201812190825/tools/compiler/bin/../lib/gcc/arm-none-eabi/7.3.1/thumb/v7e-m/fpv4-sp/hard/crtbegin.o
                0x08009dfc                PROVIDE (__fini_array_end = .)
                0x08009dfc                . = ALIGN (0x4)
                0x08009dfc                _sidata = LOADADDR (.data)

.data           0x20000000      0x9d8 load address 0x08009dfc
                0x20000000                . = ALIGN (0x4)
                0x20000000                _sdata = .
 *(.data)
 .data          0x20000000       0x10 StdPeriph_Driver/src/stm32f4xx_rcc.o
 .data          0x20000010        0x4 Third-Party/FreeRTOS/org/Source/portable/GCC/ARM_CM4F/port.o
 .data          0x20000014       0x14 src/system_stm32f4xx.o
                0x20000014                SystemCoreClock
                0x20000018                AHBPrescTable
 *(.data*)
 .data._impure_ptr
                0x20000028        0x4 c:/ac6/systemworkbench/plugins/fr.ac6.mcu.externaltools.arm-none.win32_1.17.0.201812190825/tools/compiler/bin/../lib/gcc/arm-none-eabi/7.3.1/../../../../arm-none-eabi/lib/thumb/v7e-m/fpv4-sp/hard\libc.a(lib_a-impure.o)
                0x20000028                _impure_ptr
 *fill*         0x2000002c        0x4 
 .data.impure_data
                0x20000030      0x428 c:/ac6/systemworkbench/plugins/fr.ac6.mcu.externaltools.arm-none.win32_1.17.0.201812190825/tools/compiler/bin/../lib/gcc/arm-none-eabi/7.3.1/../../../../arm-none-eabi/lib/thumb/v7e-m/fpv4-sp/hard\libc.a(lib_a-impure.o)
 .data.__atexit_recursive_mutex
                0x20000458        0x4 c:/ac6/systemworkbench/plugins/fr.ac6.mcu.externaltools.arm-none.win32_1.17.0.201812190825/tools/compiler/bin/../lib/gcc/arm-none-eabi/7.3.1/../../../../arm-none-eabi/lib/thumb/v7e-m/fpv4-sp/hard\libc.a(lib_a-__call_atexit.o)
                0x20000458                __atexit_recursive_mutex
 .data.__malloc_av_
                0x2000045c      0x408 c:/ac6/systemworkbench/plugins/fr.ac6.mcu.externaltools.arm-none.win32_1.17.0.201812190825/tools/compiler/bin/../lib/gcc/arm-none-eabi/7.3.1/../../../../arm-none-eabi/lib/thumb/v7e-m/fpv4-sp/hard\libc.a(lib_a-mallocr.o)
                0x2000045c                __malloc_av_
 .data.__malloc_sbrk_base
                0x20000864        0x4 c:/ac6/systemworkbench/plugins/fr.ac6.mcu.externaltools.arm-none.win32_1.17.0.201812190825/tools/compiler/bin/../lib/gcc/arm-none-eabi/7.3.1/../../../../arm-none-eabi/lib/thumb/v7e-m/fpv4-sp/hard\libc.a(lib_a-mallocr.o)
                0x20000864                __malloc_sbrk_base
 .data.__malloc_trim_threshold
                0x20000868        0x4 c:/ac6/systemworkbench/plugins/fr.ac6.mcu.externaltools.arm-none.win32_1.17.0.201812190825/tools/compiler/bin/../lib/gcc/arm-none-eabi/7.3.1/../../../../arm-none-eabi/lib/thumb/v7e-m/fpv4-sp/hard\libc.a(lib_a-mallocr.o)
                0x20000868                __malloc_trim_threshold
 .data.__global_locale
                0x2000086c      0x16c c:/ac6/systemworkbench/plugins/fr.ac6.mcu.externaltools.arm-none.win32_1.17.0.201812190825/tools/compiler/bin/../lib/gcc/arm-none-eabi/7.3.1/../../../../arm-none-eabi/lib/thumb/v7e-m/fpv4-sp/hard\libc.a(lib_a-locale.o)
                0x2000086c                __global_locale
                0x200009d8                . = ALIGN (0x4)
                0x200009d8                _edata = .

.igot.plt       0x200009d8        0x0 load address 0x0800a7d4
 .igot.plt      0x200009d8        0x0 c:/ac6/systemworkbench/plugins/fr.ac6.mcu.externaltools.arm-none.win32_1.17.0.201812190825/tools/compiler/bin/../lib/gcc/arm-none-eabi/7.3.1/thumb/v7e-m/fpv4-sp/hard/crtbegin.o
                0x200009d8                . = ALIGN (0x4)

.bss            0x200009d8    0x17528 load address 0x0800a7d4
                0x200009d8                _sbss = .
                0x200009d8                __bss_start__ = _sbss
 *(.bss)
 .bss           0x200009d8       0x1c c:/ac6/systemworkbench/plugins/fr.ac6.mcu.externaltools.arm-none.win32_1.17.0.201812190825/tools/compiler/bin/../lib/gcc/arm-none-eabi/7.3.1/thumb/v7e-m/fpv4-sp/hard/crtbegin.o
 .bss           0x200009f4      0x104 Third-Party/FreeRTOS/org/Source/tasks.o
                0x200009f4                pxCurrentTCB
 .bss           0x20000af8        0x8 Third-Party/FreeRTOS/org/Source/portable/GCC/ARM_CM4F/port.o
 .bss           0x20000b00    0x12c18 Third-Party/FreeRTOS/org/Source/portable/MemMang/heap_4.o
 .bss           0x20013718       0xa4 Third-Party/SEGGER/OS/SEGGER_SYSVIEW_FreeRTOS.o
 .bss           0x200137bc      0x411 Third-Party/SEGGER/SEGGER/SEGGER_RTT.o
 *fill*         0x20013bcd        0x3 
 .bss           0x20013bd0     0x411b Third-Party/SEGGER/SEGGER/SEGGER_SYSVIEW.o
 *fill*         0x20017ceb        0x1 
 .bss           0x20017cec      0x108 src/main.o
                0x20017cec                usr_msg
                0x20017de8                xTaskHandle1
                0x20017dec                xTaskHandle2
                0x20017df0                xQueue
 .bss           0x20017df4        0x8 src/syscalls.o
                0x20017df4                __env
 *(.bss*)
 .bss.__malloc_current_mallinfo
                0x20017dfc       0x28 c:/ac6/systemworkbench/plugins/fr.ac6.mcu.externaltools.arm-none.win32_1.17.0.201812190825/tools/compiler/bin/../lib/gcc/arm-none-eabi/7.3.1/../../../../arm-none-eabi/lib/thumb/v7e-m/fpv4-sp/hard\libc.a(lib_a-mallocr.o)
                0x20017dfc                __malloc_current_mallinfo
 .bss.__malloc_max_sbrked_mem
                0x20017e24        0x4 c:/ac6/systemworkbench/plugins/fr.ac6.mcu.externaltools.arm-none.win32_1.17.0.201812190825/tools/compiler/bin/../lib/gcc/arm-none-eabi/7.3.1/../../../../arm-none-eabi/lib/thumb/v7e-m/fpv4-sp/hard\libc.a(lib_a-mallocr.o)
                0x20017e24                __malloc_max_sbrked_mem
 .bss.__malloc_max_total_mem
                0x20017e28        0x4 c:/ac6/systemworkbench/plugins/fr.ac6.mcu.externaltools.arm-none.win32_1.17.0.201812190825/tools/compiler/bin/../lib/gcc/arm-none-eabi/7.3.1/../../../../arm-none-eabi/lib/thumb/v7e-m/fpv4-sp/hard\libc.a(lib_a-mallocr.o)
                0x20017e28                __malloc_max_total_mem
 .bss.__malloc_top_pad
                0x20017e2c        0x4 c:/ac6/systemworkbench/plugins/fr.ac6.mcu.externaltools.arm-none.win32_1.17.0.201812190825/tools/compiler/bin/../lib/gcc/arm-none-eabi/7.3.1/../../../../arm-none-eabi/lib/thumb/v7e-m/fpv4-sp/hard\libc.a(lib_a-mallocr.o)
                0x20017e2c                __malloc_top_pad
 *(COMMON)
 COMMON         0x20017e30       0xa8 Third-Party/SEGGER/SEGGER/SEGGER_RTT.o
                0x20017e30                _SEGGER_RTT
 COMMON         0x20017ed8       0x21 c:/ac6/systemworkbench/plugins/fr.ac6.mcu.externaltools.arm-none.win32_1.17.0.201812190825/tools/compiler/bin/../lib/gcc/arm-none-eabi/7.3.1/../../../../arm-none-eabi/lib/thumb/v7e-m/fpv4-sp/hard\libc.a(lib_a-lock.o)
                0x20017ed8                __lock___atexit_recursive_mutex
                0x20017edc                __lock___arc4random_mutex
                0x20017ee0                __lock___env_recursive_mutex
                0x20017ee4                __lock___sinit_recursive_mutex
                0x20017ee8                __lock___malloc_recursive_mutex
                0x20017eec                __lock___at_quick_exit_mutex
                0x20017ef0                __lock___dd_hash_mutex
                0x20017ef4                __lock___tz_mutex
                0x20017ef8                __lock___sfp_recursive_mutex
 *fill*         0x20017ef9        0x3 
 COMMON         0x20017efc        0x4 c:/ac6/systemworkbench/plugins/fr.ac6.mcu.externaltools.arm-none.win32_1.17.0.201812190825/tools/compiler/bin/../lib/gcc/arm-none-eabi/7.3.1/../../../../arm-none-eabi/lib/thumb/v7e-m/fpv4-sp/hard\libc.a(lib_a-reent.o)
                0x20017efc                errno
                0x20017f00                . = ALIGN (0x4)
                0x20017f00                _ebss = .
                0x20017f00                __bss_end__ = _ebss

._user_heap_stack
                0x20017f00      0x400 load address 0x0800a7d4
                0x20017f00                . = ALIGN (0x8)
                0x20017f00                PROVIDE (end = .)
                [!provide]                PROVIDE (_end = .)
                0x20017f00                . = (. + _Min_Heap_Size)
                0x20018300                . = (. + _Min_Stack_Size)
 *fill*         0x20017f00      0x400 
                0x20018300                . = ALIGN (0x8)

/DISCARD/
 libc.a(*)
 libm.a(*)
 libgcc.a(*)

.ARM.attributes
                0x00000000       0x30
 *(.ARM.attributes)
 .ARM.attributes
                0x00000000       0x22 c:/ac6/systemworkbench/plugins/fr.ac6.mcu.externaltools.arm-none.win32_1.17.0.201812190825/tools/compiler/bin/../lib/gcc/arm-none-eabi/7.3.1/thumb/v7e-m/fpv4-sp/hard/crti.o
 .ARM.attributes
                0x00000022       0x34 c:/ac6/systemworkbench/plugins/fr.ac6.mcu.externaltools.arm-none.win32_1.17.0.201812190825/tools/compiler/bin/../lib/gcc/arm-none-eabi/7.3.1/thumb/v7e-m/fpv4-sp/hard/crtbegin.o
 .ARM.attributes
                0x00000056       0x39 StdPeriph_Driver/src/stm32f4xx_exti.o
 .ARM.attributes
                0x0000008f       0x39 StdPeriph_Driver/src/stm32f4xx_gpio.o
 .ARM.attributes
                0x000000c8       0x39 StdPeriph_Driver/src/stm32f4xx_rcc.o
 .ARM.attributes
                0x00000101       0x39 StdPeriph_Driver/src/stm32f4xx_syscfg.o
 .ARM.attributes
                0x0000013a       0x39 StdPeriph_Driver/src/stm32f4xx_usart.o
 .ARM.attributes
                0x00000173       0x39 Third-Party/FreeRTOS/org/Source/list.o
 .ARM.attributes
                0x000001ac       0x39 Third-Party/FreeRTOS/org/Source/queue.o
 .ARM.attributes
                0x000001e5       0x39 Third-Party/FreeRTOS/org/Source/tasks.o
 .ARM.attributes
                0x0000021e       0x39 Third-Party/FreeRTOS/org/Source/portable/GCC/ARM_CM4F/port.o
 .ARM.attributes
                0x00000257       0x39 Third-Party/FreeRTOS/org/Source/portable/MemMang/heap_4.o
 .ARM.attributes
                0x00000290       0x39 Third-Party/SEGGER/Config/SEGGER_SYSVIEW_Config_FreeRTOS.o
 .ARM.attributes
                0x000002c9       0x39 Third-Party/SEGGER/OS/SEGGER_SYSVIEW_FreeRTOS.o
 .ARM.attributes
                0x00000302       0x39 Third-Party/SEGGER/SEGGER/SEGGER_RTT.o
 .ARM.attributes
                0x0000033b       0x39 Third-Party/SEGGER/SEGGER/SEGGER_SYSVIEW.o
 .ARM.attributes
                0x00000374       0x39 src/main.o
 .ARM.attributes
                0x000003ad       0x39 src/syscalls.o
 .ARM.attributes
                0x000003e6       0x39 src/system_stm32f4xx.o
 .ARM.attributes
                0x0000041f       0x21 startup/startup_stm32.o
 .ARM.attributes
                0x00000440       0x34 c:/ac6/systemworkbench/plugins/fr.ac6.mcu.externaltools.arm-none.win32_1.17.0.201812190825/tools/compiler/bin/../lib/gcc/arm-none-eabi/7.3.1/../../../../arm-none-eabi/lib/thumb/v7e-m/fpv4-sp/hard\libc.a(lib_a-errno.o)
 .ARM.attributes
                0x00000474       0x34 c:/ac6/systemworkbench/plugins/fr.ac6.mcu.externaltools.arm-none.win32_1.17.0.201812190825/tools/compiler/bin/../lib/gcc/arm-none-eabi/7.3.1/../../../../arm-none-eabi/lib/thumb/v7e-m/fpv4-sp/hard\libc.a(lib_a-impure.o)
 .ARM.attributes
                0x000004a8       0x34 c:/ac6/systemworkbench/plugins/fr.ac6.mcu.externaltools.arm-none.win32_1.17.0.201812190825/tools/compiler/bin/../lib/gcc/arm-none-eabi/7.3.1/../../../../arm-none-eabi/lib/thumb/v7e-m/fpv4-sp/hard\libc.a(lib_a-init.o)
 .ARM.attributes
                0x000004dc       0x34 c:/ac6/systemworkbench/plugins/fr.ac6.mcu.externaltools.arm-none.win32_1.17.0.201812190825/tools/compiler/bin/../lib/gcc/arm-none-eabi/7.3.1/../../../../arm-none-eabi/lib/thumb/v7e-m/fpv4-sp/hard\libc.a(lib_a-memcmp.o)
 .ARM.attributes
                0x00000510       0x20 c:/ac6/systemworkbench/plugins/fr.ac6.mcu.externaltools.arm-none.win32_1.17.0.201812190825/tools/compiler/bin/../lib/gcc/arm-none-eabi/7.3.1/../../../../arm-none-eabi/lib/thumb/v7e-m/fpv4-sp/hard\libc.a(lib_a-memcpy.o)
 .ARM.attributes
                0x00000530       0x34 c:/ac6/systemworkbench/plugins/fr.ac6.mcu.externaltools.arm-none.win32_1.17.0.201812190825/tools/compiler/bin/../lib/gcc/arm-none-eabi/7.3.1/../../../../arm-none-eabi/lib/thumb/v7e-m/fpv4-sp/hard\libc.a(lib_a-memset.o)
 .ARM.attributes
                0x00000564       0x34 c:/ac6/systemworkbench/plugins/fr.ac6.mcu.externaltools.arm-none.win32_1.17.0.201812190825/tools/compiler/bin/../lib/gcc/arm-none-eabi/7.3.1/../../../../arm-none-eabi/lib/thumb/v7e-m/fpv4-sp/hard\libc.a(lib_a-sprintf.o)
 .ARM.attributes
                0x00000598       0x20 c:/ac6/systemworkbench/plugins/fr.ac6.mcu.externaltools.arm-none.win32_1.17.0.201812190825/tools/compiler/bin/../lib/gcc/arm-none-eabi/7.3.1/../../../../arm-none-eabi/lib/thumb/v7e-m/fpv4-sp/hard\libc.a(lib_a-strlen.o)
 .ARM.attributes
                0x000005b8       0x34 c:/ac6/systemworkbench/plugins/fr.ac6.mcu.externaltools.arm-none.win32_1.17.0.201812190825/tools/compiler/bin/../lib/gcc/arm-none-eabi/7.3.1/../../../../arm-none-eabi/lib/thumb/v7e-m/fpv4-sp/hard\libc.a(lib_a-svfprintf.o)
 .ARM.attributes
                0x000005ec       0x34 c:/ac6/systemworkbench/plugins/fr.ac6.mcu.externaltools.arm-none.win32_1.17.0.201812190825/tools/compiler/bin/../lib/gcc/arm-none-eabi/7.3.1/../../../../arm-none-eabi/lib/thumb/v7e-m/fpv4-sp/hard\libc.a(lib_a-__call_atexit.o)
 .ARM.attributes
                0x00000620       0x34 c:/ac6/systemworkbench/plugins/fr.ac6.mcu.externaltools.arm-none.win32_1.17.0.201812190825/tools/compiler/bin/../lib/gcc/arm-none-eabi/7.3.1/../../../../arm-none-eabi/lib/thumb/v7e-m/fpv4-sp/hard\libc.a(lib_a-atexit.o)
 .ARM.attributes
                0x00000654       0x34 c:/ac6/systemworkbench/plugins/fr.ac6.mcu.externaltools.arm-none.win32_1.17.0.201812190825/tools/compiler/bin/../lib/gcc/arm-none-eabi/7.3.1/../../../../arm-none-eabi/lib/thumb/v7e-m/fpv4-sp/hard\libc.a(lib_a-dtoa.o)
 .ARM.attributes
                0x00000688       0x34 c:/ac6/systemworkbench/plugins/fr.ac6.mcu.externaltools.arm-none.win32_1.17.0.201812190825/tools/compiler/bin/../lib/gcc/arm-none-eabi/7.3.1/../../../../arm-none-eabi/lib/thumb/v7e-m/fpv4-sp/hard\libc.a(lib_a-fini.o)
 .ARM.attributes
                0x000006bc       0x34 c:/ac6/systemworkbench/plugins/fr.ac6.mcu.externaltools.arm-none.win32_1.17.0.201812190825/tools/compiler/bin/../lib/gcc/arm-none-eabi/7.3.1/../../../../arm-none-eabi/lib/thumb/v7e-m/fpv4-sp/hard\libc.a(lib_a-freer.o)
 .ARM.attributes
                0x000006f0       0x34 c:/ac6/systemworkbench/plugins/fr.ac6.mcu.externaltools.arm-none.win32_1.17.0.201812190825/tools/compiler/bin/../lib/gcc/arm-none-eabi/7.3.1/../../../../arm-none-eabi/lib/thumb/v7e-m/fpv4-sp/hard\libc.a(lib_a-localeconv.o)
 .ARM.attributes
                0x00000724       0x34 c:/ac6/systemworkbench/plugins/fr.ac6.mcu.externaltools.arm-none.win32_1.17.0.201812190825/tools/compiler/bin/../lib/gcc/arm-none-eabi/7.3.1/../../../../arm-none-eabi/lib/thumb/v7e-m/fpv4-sp/hard\libc.a(lib_a-lock.o)
 .ARM.attributes
                0x00000758       0x34 c:/ac6/systemworkbench/plugins/fr.ac6.mcu.externaltools.arm-none.win32_1.17.0.201812190825/tools/compiler/bin/../lib/gcc/arm-none-eabi/7.3.1/../../../../arm-none-eabi/lib/thumb/v7e-m/fpv4-sp/hard\libc.a(lib_a-mallocr.o)
 .ARM.attributes
                0x0000078c       0x20 c:/ac6/systemworkbench/plugins/fr.ac6.mcu.externaltools.arm-none.win32_1.17.0.201812190825/tools/compiler/bin/../lib/gcc/arm-none-eabi/7.3.1/../../../../arm-none-eabi/lib/thumb/v7e-m/fpv4-sp/hard\libc.a(lib_a-memchr.o)
 .ARM.attributes
                0x000007ac       0x34 c:/ac6/systemworkbench/plugins/fr.ac6.mcu.externaltools.arm-none.win32_1.17.0.201812190825/tools/compiler/bin/../lib/gcc/arm-none-eabi/7.3.1/../../../../arm-none-eabi/lib/thumb/v7e-m/fpv4-sp/hard\libc.a(lib_a-mlock.o)
 .ARM.attributes
                0x000007e0       0x34 c:/ac6/systemworkbench/plugins/fr.ac6.mcu.externaltools.arm-none.win32_1.17.0.201812190825/tools/compiler/bin/../lib/gcc/arm-none-eabi/7.3.1/../../../../arm-none-eabi/lib/thumb/v7e-m/fpv4-sp/hard\libc.a(lib_a-mprec.o)
 .ARM.attributes
                0x00000814       0x34 c:/ac6/systemworkbench/plugins/fr.ac6.mcu.externaltools.arm-none.win32_1.17.0.201812190825/tools/compiler/bin/../lib/gcc/arm-none-eabi/7.3.1/../../../../arm-none-eabi/lib/thumb/v7e-m/fpv4-sp/hard\libc.a(lib_a-s_frexp.o)
 .ARM.attributes
                0x00000848       0x34 c:/ac6/systemworkbench/plugins/fr.ac6.mcu.externaltools.arm-none.win32_1.17.0.201812190825/tools/compiler/bin/../lib/gcc/arm-none-eabi/7.3.1/../../../../arm-none-eabi/lib/thumb/v7e-m/fpv4-sp/hard\libc.a(lib_a-sbrkr.o)
 .ARM.attributes
                0x0000087c       0x34 c:/ac6/systemworkbench/plugins/fr.ac6.mcu.externaltools.arm-none.win32_1.17.0.201812190825/tools/compiler/bin/../lib/gcc/arm-none-eabi/7.3.1/../../../../arm-none-eabi/lib/thumb/v7e-m/fpv4-sp/hard\libc.a(lib_a-strncpy.o)
 .ARM.attributes
                0x000008b0       0x34 c:/ac6/systemworkbench/plugins/fr.ac6.mcu.externaltools.arm-none.win32_1.17.0.201812190825/tools/compiler/bin/../lib/gcc/arm-none-eabi/7.3.1/../../../../arm-none-eabi/lib/thumb/v7e-m/fpv4-sp/hard\libc.a(lib_a-svfiprintf.o)
 .ARM.attributes
                0x000008e4       0x34 c:/ac6/systemworkbench/plugins/fr.ac6.mcu.externaltools.arm-none.win32_1.17.0.201812190825/tools/compiler/bin/../lib/gcc/arm-none-eabi/7.3.1/../../../../arm-none-eabi/lib/thumb/v7e-m/fpv4-sp/hard\libc.a(lib_a-__atexit.o)
 .ARM.attributes
                0x00000918       0x34 c:/ac6/systemworkbench/plugins/fr.ac6.mcu.externaltools.arm-none.win32_1.17.0.201812190825/tools/compiler/bin/../lib/gcc/arm-none-eabi/7.3.1/../../../../arm-none-eabi/lib/thumb/v7e-m/fpv4-sp/hard\libc.a(lib_a-callocr.o)
 .ARM.attributes
                0x0000094c       0x34 c:/ac6/systemworkbench/plugins/fr.ac6.mcu.externaltools.arm-none.win32_1.17.0.201812190825/tools/compiler/bin/../lib/gcc/arm-none-eabi/7.3.1/../../../../arm-none-eabi/lib/thumb/v7e-m/fpv4-sp/hard\libc.a(lib_a-locale.o)
 .ARM.attributes
                0x00000980       0x34 c:/ac6/systemworkbench/plugins/fr.ac6.mcu.externaltools.arm-none.win32_1.17.0.201812190825/tools/compiler/bin/../lib/gcc/arm-none-eabi/7.3.1/../../../../arm-none-eabi/lib/thumb/v7e-m/fpv4-sp/hard\libc.a(lib_a-mbtowc_r.o)
 .ARM.attributes
                0x000009b4       0x34 c:/ac6/systemworkbench/plugins/fr.ac6.mcu.externaltools.arm-none.win32_1.17.0.201812190825/tools/compiler/bin/../lib/gcc/arm-none-eabi/7.3.1/../../../../arm-none-eabi/lib/thumb/v7e-m/fpv4-sp/hard\libc.a(lib_a-memmove.o)
 .ARM.attributes
                0x000009e8       0x34 c:/ac6/systemworkbench/plugins/fr.ac6.mcu.externaltools.arm-none.win32_1.17.0.201812190825/tools/compiler/bin/../lib/gcc/arm-none-eabi/7.3.1/../../../../arm-none-eabi/lib/thumb/v7e-m/fpv4-sp/hard\libc.a(lib_a-reallocr.o)
 .ARM.attributes
                0x00000a1c       0x34 c:/ac6/systemworkbench/plugins/fr.ac6.mcu.externaltools.arm-none.win32_1.17.0.201812190825/tools/compiler/bin/../lib/gcc/arm-none-eabi/7.3.1/../../../../arm-none-eabi/lib/thumb/v7e-m/fpv4-sp/hard\libc.a(lib_a-reent.o)
 .ARM.attributes
                0x00000a50       0x34 c:/ac6/systemworkbench/plugins/fr.ac6.mcu.externaltools.arm-none.win32_1.17.0.201812190825/tools/compiler/bin/../lib/gcc/arm-none-eabi/7.3.1/../../../../arm-none-eabi/lib/thumb/v7e-m/fpv4-sp/hard\libc.a(lib_a-wctomb_r.o)
 .ARM.attributes
                0x00000a84       0x34 c:/ac6/systemworkbench/plugins/fr.ac6.mcu.externaltools.arm-none.win32_1.17.0.201812190825/tools/compiler/bin/../lib/gcc/arm-none-eabi/7.3.1/../../../../arm-none-eabi/lib/thumb/v7e-m/fpv4-sp/hard\libc.a(lib_a-ctype_.o)
 .ARM.attributes
                0x00000ab8       0x22 c:/ac6/systemworkbench/plugins/fr.ac6.mcu.externaltools.arm-none.win32_1.17.0.201812190825/tools/compiler/bin/../lib/gcc/arm-none-eabi/7.3.1/thumb/v7e-m/fpv4-sp/hard\libgcc.a(_arm_addsubdf3.o)
 .ARM.attributes
                0x00000ada       0x22 c:/ac6/systemworkbench/plugins/fr.ac6.mcu.externaltools.arm-none.win32_1.17.0.201812190825/tools/compiler/bin/../lib/gcc/arm-none-eabi/7.3.1/thumb/v7e-m/fpv4-sp/hard\libgcc.a(_arm_muldivdf3.o)
 .ARM.attributes
                0x00000afc       0x22 c:/ac6/systemworkbench/plugins/fr.ac6.mcu.externaltools.arm-none.win32_1.17.0.201812190825/tools/compiler/bin/../lib/gcc/arm-none-eabi/7.3.1/thumb/v7e-m/fpv4-sp/hard\libgcc.a(_arm_cmpdf2.o)
 .ARM.attributes
                0x00000b1e       0x22 c:/ac6/systemworkbench/plugins/fr.ac6.mcu.externaltools.arm-none.win32_1.17.0.201812190825/tools/compiler/bin/../lib/gcc/arm-none-eabi/7.3.1/thumb/v7e-m/fpv4-sp/hard\libgcc.a(_arm_unorddf2.o)
 .ARM.attributes
                0x00000b40       0x22 c:/ac6/systemworkbench/plugins/fr.ac6.mcu.externaltools.arm-none.win32_1.17.0.201812190825/tools/compiler/bin/../lib/gcc/arm-none-eabi/7.3.1/thumb/v7e-m/fpv4-sp/hard\libgcc.a(_arm_fixdfsi.o)
 .ARM.attributes
                0x00000b62       0x22 c:/ac6/systemworkbench/plugins/fr.ac6.mcu.externaltools.arm-none.win32_1.17.0.201812190825/tools/compiler/bin/../lib/gcc/arm-none-eabi/7.3.1/thumb/v7e-m/fpv4-sp/hard\libgcc.a(_aeabi_uldivmod.o)
 .ARM.attributes
                0x00000b84       0x34 c:/ac6/systemworkbench/plugins/fr.ac6.mcu.externaltools.arm-none.win32_1.17.0.201812190825/tools/compiler/bin/../lib/gcc/arm-none-eabi/7.3.1/thumb/v7e-m/fpv4-sp/hard\libgcc.a(_udivmoddi4.o)
 .ARM.attributes
                0x00000bb8       0x22 c:/ac6/systemworkbench/plugins/fr.ac6.mcu.externaltools.arm-none.win32_1.17.0.201812190825/tools/compiler/bin/../lib/gcc/arm-none-eabi/7.3.1/thumb/v7e-m/fpv4-sp/hard\libgcc.a(_dvmd_tls.o)
 .ARM.attributes
                0x00000bda       0x22 c:/ac6/systemworkbench/plugins/fr.ac6.mcu.externaltools.arm-none.win32_1.17.0.201812190825/tools/compiler/bin/../lib/gcc/arm-none-eabi/7.3.1/thumb/v7e-m/fpv4-sp/hard/crtn.o
OUTPUT(STM32_FreeRTOS_queue_test__1.elf elf32-littlearm)

.debug_info     0x00000000    0x10b18
 .debug_info    0x00000000      0x358 StdPeriph_Driver/src/stm32f4xx_exti.o
 .debug_info    0x00000358      0x62b StdPeriph_Driver/src/stm32f4xx_gpio.o
 .debug_info    0x00000983      0xf8e StdPeriph_Driver/src/stm32f4xx_rcc.o
 .debug_info    0x00001911      0x2a6 StdPeriph_Driver/src/stm32f4xx_syscfg.o
 .debug_info    0x00001bb7      0x9d4 StdPeriph_Driver/src/stm32f4xx_usart.o
 .debug_info    0x0000258b      0xadb Third-Party/FreeRTOS/org/Source/list.o
 .debug_info    0x00003066     0x1e48 Third-Party/FreeRTOS/org/Source/queue.o
 .debug_info    0x00004eae     0x2733 Third-Party/FreeRTOS/org/Source/tasks.o
 .debug_info    0x000075e1      0x533 Third-Party/FreeRTOS/org/Source/portable/GCC/ARM_CM4F/port.o
 .debug_info    0x00007b14      0xbfc Third-Party/FreeRTOS/org/Source/portable/MemMang/heap_4.o
 .debug_info    0x00008710      0x10f Third-Party/SEGGER/Config/SEGGER_SYSVIEW_Config_FreeRTOS.o
 .debug_info    0x0000881f      0xb8d Third-Party/SEGGER/OS/SEGGER_SYSVIEW_FreeRTOS.o
 .debug_info    0x000093ac     0x16b9 Third-Party/SEGGER/SEGGER/SEGGER_RTT.o
 .debug_info    0x0000aa65     0x3aea Third-Party/SEGGER/SEGGER/SEGGER_SYSVIEW.o
 .debug_info    0x0000e54f     0x1058 src/main.o
 .debug_info    0x0000f5a7      0xf2e src/syscalls.o
 .debug_info    0x000104d5      0x621 src/system_stm32f4xx.o
 .debug_info    0x00010af6       0x22 startup/startup_stm32.o

.debug_abbrev   0x00000000     0x25c1
 .debug_abbrev  0x00000000      0x1c3 StdPeriph_Driver/src/stm32f4xx_exti.o
 .debug_abbrev  0x000001c3      0x1bf StdPeriph_Driver/src/stm32f4xx_gpio.o
 .debug_abbrev  0x00000382      0x1d4 StdPeriph_Driver/src/stm32f4xx_rcc.o
 .debug_abbrev  0x00000556      0x14b StdPeriph_Driver/src/stm32f4xx_syscfg.o
 .debug_abbrev  0x000006a1      0x187 StdPeriph_Driver/src/stm32f4xx_usart.o
 .debug_abbrev  0x00000828      0x205 Third-Party/FreeRTOS/org/Source/list.o
 .debug_abbrev  0x00000a2d      0x352 Third-Party/FreeRTOS/org/Source/queue.o
 .debug_abbrev  0x00000d7f      0x395 Third-Party/FreeRTOS/org/Source/tasks.o
 .debug_abbrev  0x00001114      0x210 Third-Party/FreeRTOS/org/Source/portable/GCC/ARM_CM4F/port.o
 .debug_abbrev  0x00001324      0x2d4 Third-Party/FreeRTOS/org/Source/portable/MemMang/heap_4.o
 .debug_abbrev  0x000015f8       0xb5 Third-Party/SEGGER/Config/SEGGER_SYSVIEW_Config_FreeRTOS.o
 .debug_abbrev  0x000016ad      0x223 Third-Party/SEGGER/OS/SEGGER_SYSVIEW_FreeRTOS.o
 .debug_abbrev  0x000018d0      0x2d6 Third-Party/SEGGER/SEGGER/SEGGER_RTT.o
 .debug_abbrev  0x00001ba6      0x336 Third-Party/SEGGER/SEGGER/SEGGER_SYSVIEW.o
 .debug_abbrev  0x00001edc      0x2cc src/main.o
 .debug_abbrev  0x000021a8      0x2aa src/syscalls.o
 .debug_abbrev  0x00002452      0x15d src/system_stm32f4xx.o
 .debug_abbrev  0x000025af       0x12 startup/startup_stm32.o

.debug_aranges  0x00000000      0xd80
 .debug_aranges
                0x00000000       0x58 StdPeriph_Driver/src/stm32f4xx_exti.o
 .debug_aranges
                0x00000058       0x88 StdPeriph_Driver/src/stm32f4xx_gpio.o
 .debug_aranges
                0x000000e0      0x1e8 StdPeriph_Driver/src/stm32f4xx_rcc.o
 .debug_aranges
                0x000002c8       0x50 StdPeriph_Driver/src/stm32f4xx_syscfg.o
 .debug_aranges
                0x00000318      0x100 StdPeriph_Driver/src/stm32f4xx_usart.o
 .debug_aranges
                0x00000418       0x40 Third-Party/FreeRTOS/org/Source/list.o
 .debug_aranges
                0x00000458      0x128 Third-Party/FreeRTOS/org/Source/queue.o
 .debug_aranges
                0x00000580      0x1e8 Third-Party/FreeRTOS/org/Source/tasks.o
 .debug_aranges
                0x00000768       0x80 Third-Party/FreeRTOS/org/Source/portable/GCC/ARM_CM4F/port.o
 .debug_aranges
                0x000007e8       0x50 Third-Party/FreeRTOS/org/Source/portable/MemMang/heap_4.o
 .debug_aranges
                0x00000838       0x28 Third-Party/SEGGER/Config/SEGGER_SYSVIEW_Config_FreeRTOS.o
 .debug_aranges
                0x00000860       0x48 Third-Party/SEGGER/OS/SEGGER_SYSVIEW_FreeRTOS.o
 .debug_aranges
                0x000008a8      0x110 Third-Party/SEGGER/SEGGER/SEGGER_RTT.o
 .debug_aranges
                0x000009b8      0x268 Third-Party/SEGGER/SEGGER/SEGGER_SYSVIEW.o
 .debug_aranges
                0x00000c20       0x58 src/main.o
 .debug_aranges
                0x00000c78       0xb0 src/syscalls.o
 .debug_aranges
                0x00000d28       0x30 src/system_stm32f4xx.o
 .debug_aranges
                0x00000d58       0x28 startup/startup_stm32.o

.debug_ranges   0x00000000      0xc68
 .debug_ranges  0x00000000       0x48 StdPeriph_Driver/src/stm32f4xx_exti.o
 .debug_ranges  0x00000048       0x78 StdPeriph_Driver/src/stm32f4xx_gpio.o
 .debug_ranges  0x000000c0      0x1d8 StdPeriph_Driver/src/stm32f4xx_rcc.o
 .debug_ranges  0x00000298       0x40 StdPeriph_Driver/src/stm32f4xx_syscfg.o
 .debug_ranges  0x000002d8       0xf0 StdPeriph_Driver/src/stm32f4xx_usart.o
 .debug_ranges  0x000003c8       0x30 Third-Party/FreeRTOS/org/Source/list.o
 .debug_ranges  0x000003f8      0x118 Third-Party/FreeRTOS/org/Source/queue.o
 .debug_ranges  0x00000510      0x1d8 Third-Party/FreeRTOS/org/Source/tasks.o
 .debug_ranges  0x000006e8       0x70 Third-Party/FreeRTOS/org/Source/portable/GCC/ARM_CM4F/port.o
 .debug_ranges  0x00000758       0x40 Third-Party/FreeRTOS/org/Source/portable/MemMang/heap_4.o
 .debug_ranges  0x00000798       0x18 Third-Party/SEGGER/Config/SEGGER_SYSVIEW_Config_FreeRTOS.o
 .debug_ranges  0x000007b0       0x38 Third-Party/SEGGER/OS/SEGGER_SYSVIEW_FreeRTOS.o
 .debug_ranges  0x000007e8      0x100 Third-Party/SEGGER/SEGGER/SEGGER_RTT.o
 .debug_ranges  0x000008e8      0x258 Third-Party/SEGGER/SEGGER/SEGGER_SYSVIEW.o
 .debug_ranges  0x00000b40       0x48 src/main.o
 .debug_ranges  0x00000b88       0xa0 src/syscalls.o
 .debug_ranges  0x00000c28       0x20 src/system_stm32f4xx.o
 .debug_ranges  0x00000c48       0x20 startup/startup_stm32.o

.debug_macro    0x00000000     0x3acd
 .debug_macro   0x00000000      0x1fe StdPeriph_Driver/src/stm32f4xx_exti.o
 .debug_macro   0x000001fe       0xaf StdPeriph_Driver/src/stm32f4xx_exti.o
 .debug_macro   0x000002ad      0x1fc StdPeriph_Driver/src/stm32f4xx_gpio.o
 .debug_macro   0x000004a9      0x33b StdPeriph_Driver/src/stm32f4xx_gpio.o
 .debug_macro   0x000007e4      0x2cb StdPeriph_Driver/src/stm32f4xx_rcc.o
 .debug_macro   0x00000aaf      0x24a StdPeriph_Driver/src/stm32f4xx_syscfg.o
 .debug_macro   0x00000cf9      0x10e StdPeriph_Driver/src/stm32f4xx_syscfg.o
 .debug_macro   0x00000e07      0x214 StdPeriph_Driver/src/stm32f4xx_usart.o
 .debug_macro   0x0000101b      0x21d StdPeriph_Driver/src/stm32f4xx_usart.o
 .debug_macro   0x00001238      0x1ba Third-Party/FreeRTOS/org/Source/list.o
 .debug_macro   0x000013f2      0x244 Third-Party/FreeRTOS/org/Source/queue.o
 .debug_macro   0x00001636       0x16 Third-Party/FreeRTOS/org/Source/queue.o
 .debug_macro   0x0000164c       0x35 Third-Party/FreeRTOS/org/Source/queue.o
 .debug_macro   0x00001681       0x80 Third-Party/FreeRTOS/org/Source/queue.o
 .debug_macro   0x00001701      0x2b5 Third-Party/FreeRTOS/org/Source/tasks.o
 .debug_macro   0x000019b6       0x10 Third-Party/FreeRTOS/org/Source/tasks.o
 .debug_macro   0x000019c6      0x1d6 Third-Party/FreeRTOS/org/Source/portable/GCC/ARM_CM4F/port.o
 .debug_macro   0x00001b9c      0x1e1 Third-Party/FreeRTOS/org/Source/portable/MemMang/heap_4.o
 .debug_macro   0x00001d7d      0x116 Third-Party/SEGGER/Config/SEGGER_SYSVIEW_Config_FreeRTOS.o
 .debug_macro   0x00001e93      0x1d0 Third-Party/SEGGER/OS/SEGGER_SYSVIEW_FreeRTOS.o
 .debug_macro   0x00002063      0x164 Third-Party/SEGGER/SEGGER/SEGGER_RTT.o
 .debug_macro   0x000021c7       0x4f Third-Party/SEGGER/SEGGER/SEGGER_RTT.o
 .debug_macro   0x00002216      0x115 Third-Party/SEGGER/SEGGER/SEGGER_RTT.o
 .debug_macro   0x0000232b      0x1f8 Third-Party/SEGGER/SEGGER/SEGGER_SYSVIEW.o
 .debug_macro   0x00002523       0x65 Third-Party/SEGGER/SEGGER/SEGGER_SYSVIEW.o
 .debug_macro   0x00002588       0x35 Third-Party/SEGGER/SEGGER/SEGGER_SYSVIEW.o
 .debug_macro   0x000025bd      0x11b Third-Party/SEGGER/SEGGER/SEGGER_SYSVIEW.o
 .debug_macro   0x000026d8      0x43d src/main.o
 .debug_macro   0x00002b15       0x1c src/main.o
 .debug_macro   0x00002b31       0x10 src/main.o
 .debug_macro   0x00002b41       0x10 src/main.o
 .debug_macro   0x00002b51       0x1c src/main.o
 .debug_macro   0x00002b6d       0x52 src/main.o
 .debug_macro   0x00002bbf       0x40 src/main.o
 .debug_macro   0x00002bff       0x10 src/main.o
 .debug_macro   0x00002c0f       0x40 src/main.o
 .debug_macro   0x00002c4f       0xd7 src/main.o
 .debug_macro   0x00002d26       0x1c src/main.o
 .debug_macro   0x00002d42       0x3d src/main.o
 .debug_macro   0x00002d7f       0x16 src/main.o
 .debug_macro   0x00002d95      0x16f src/main.o
 .debug_macro   0x00002f04      0x112 src/main.o
 .debug_macro   0x00003016       0x4c src/main.o
 .debug_macro   0x00003062      0x243 src/syscalls.o
 .debug_macro   0x000032a5       0x10 src/syscalls.o
 .debug_macro   0x000032b5       0x10 src/syscalls.o
 .debug_macro   0x000032c5       0x10 src/syscalls.o
 .debug_macro   0x000032d5       0x35 src/syscalls.o
 .debug_macro   0x0000330a      0x122 src/syscalls.o
 .debug_macro   0x0000342c       0x10 src/syscalls.o
 .debug_macro   0x0000343c      0x241 src/syscalls.o
 .debug_macro   0x0000367d       0x10 src/syscalls.o
 .debug_macro   0x0000368d      0x189 src/syscalls.o
 .debug_macro   0x00003816       0x16 src/syscalls.o
 .debug_macro   0x0000382c       0x88 src/syscalls.o
 .debug_macro   0x000038b4      0x219 src/system_stm32f4xx.o

.debug_line     0x00000000     0xb85e
 .debug_line    0x00000000      0x7e6 StdPeriph_Driver/src/stm32f4xx_exti.o
 .debug_line    0x000007e6      0x8be StdPeriph_Driver/src/stm32f4xx_gpio.o
 .debug_line    0x000010a4      0xc3b StdPeriph_Driver/src/stm32f4xx_rcc.o
 .debug_line    0x00001cdf      0x7b9 StdPeriph_Driver/src/stm32f4xx_syscfg.o
 .debug_line    0x00002498      0xa04 StdPeriph_Driver/src/stm32f4xx_usart.o
 .debug_line    0x00002e9c      0x805 Third-Party/FreeRTOS/org/Source/list.o
 .debug_line    0x000036a1     0x108f Third-Party/FreeRTOS/org/Source/queue.o
 .debug_line    0x00004730     0x14ae Third-Party/FreeRTOS/org/Source/tasks.o
 .debug_line    0x00005bde      0x93c Third-Party/FreeRTOS/org/Source/portable/GCC/ARM_CM4F/port.o
 .debug_line    0x0000651a      0x8eb Third-Party/FreeRTOS/org/Source/portable/MemMang/heap_4.o
 .debug_line    0x00006e05      0x726 Third-Party/SEGGER/Config/SEGGER_SYSVIEW_Config_FreeRTOS.o
 .debug_line    0x0000752b      0x896 Third-Party/SEGGER/OS/SEGGER_SYSVIEW_FreeRTOS.o
 .debug_line    0x00007dc1      0x7ff Third-Party/SEGGER/SEGGER/SEGGER_RTT.o
 .debug_line    0x000085c0     0x16d2 Third-Party/SEGGER/SEGGER/SEGGER_SYSVIEW.o
 .debug_line    0x00009c92      0xda6 src/main.o
 .debug_line    0x0000aa38      0x5df src/syscalls.o
 .debug_line    0x0000b017      0x7cb src/system_stm32f4xx.o
 .debug_line    0x0000b7e2       0x7c startup/startup_stm32.o

.debug_str      0x00000000    0x80948
 .debug_str     0x00000000    0x6ce65 StdPeriph_Driver/src/stm32f4xx_exti.o
                              0x6d107 (size before relaxing)
 .debug_str     0x0006ce65      0x2c5 StdPeriph_Driver/src/stm32f4xx_gpio.o
                              0x6d239 (size before relaxing)
 .debug_str     0x0006d12a      0xe76 StdPeriph_Driver/src/stm32f4xx_rcc.o
                              0x6de15 (size before relaxing)
 .debug_str     0x0006dfa0      0x40c StdPeriph_Driver/src/stm32f4xx_syscfg.o
                              0x6d357 (size before relaxing)
 .debug_str     0x0006e3ac      0x53a StdPeriph_Driver/src/stm32f4xx_usart.o
                              0x6d54c (size before relaxing)
 .debug_str     0x0006e8e6     0x9b93 Third-Party/FreeRTOS/org/Source/list.o
                               0xd8af (size before relaxing)
 .debug_str     0x00078479     0x15be Third-Party/FreeRTOS/org/Source/queue.o
                               0xee60 (size before relaxing)
 .debug_str     0x00079a37     0x1caa Third-Party/FreeRTOS/org/Source/tasks.o
                               0xfca0 (size before relaxing)
 .debug_str     0x0007b6e1      0x7fb Third-Party/FreeRTOS/org/Source/portable/GCC/ARM_CM4F/port.o
                               0xb979 (size before relaxing)
 .debug_str     0x0007bedc      0x252 Third-Party/FreeRTOS/org/Source/portable/MemMang/heap_4.o
                               0xdfd2 (size before relaxing)
 .debug_str     0x0007c12e      0x174 Third-Party/SEGGER/Config/SEGGER_SYSVIEW_Config_FreeRTOS.o
                               0xa4cc (size before relaxing)
 .debug_str     0x0007c2a2       0xfb Third-Party/SEGGER/OS/SEGGER_SYSVIEW_FreeRTOS.o
                               0xddd2 (size before relaxing)
 .debug_str     0x0007c39d      0xdca Third-Party/SEGGER/SEGGER/SEGGER_RTT.o
                               0x6dfe (size before relaxing)
 .debug_str     0x0007d167     0x12f8 Third-Party/SEGGER/SEGGER/SEGGER_SYSVIEW.o
                               0x8da5 (size before relaxing)
 .debug_str     0x0007e45f     0x1415 src/main.o
                              0x7956d (size before relaxing)
 .debug_str     0x0007f874      0xf89 src/syscalls.o
                               0x85e9 (size before relaxing)
 .debug_str     0x000807fd      0x122 src/system_stm32f4xx.o
                              0x6d198 (size before relaxing)
 .debug_str     0x0008091f       0x29 startup/startup_stm32.o
                                 0x9c (size before relaxing)

.comment        0x00000000       0x7f
 .comment       0x00000000       0x7f StdPeriph_Driver/src/stm32f4xx_exti.o
                                 0x80 (size before relaxing)
 .comment       0x0000007f       0x80 StdPeriph_Driver/src/stm32f4xx_gpio.o
 .comment       0x0000007f       0x80 StdPeriph_Driver/src/stm32f4xx_rcc.o
 .comment       0x0000007f       0x80 StdPeriph_Driver/src/stm32f4xx_syscfg.o
 .comment       0x0000007f       0x80 StdPeriph_Driver/src/stm32f4xx_usart.o
 .comment       0x0000007f       0x80 Third-Party/FreeRTOS/org/Source/list.o
 .comment       0x0000007f       0x80 Third-Party/FreeRTOS/org/Source/queue.o
 .comment       0x0000007f       0x80 Third-Party/FreeRTOS/org/Source/tasks.o
 .comment       0x0000007f       0x80 Third-Party/FreeRTOS/org/Source/portable/GCC/ARM_CM4F/port.o
 .comment       0x0000007f       0x80 Third-Party/FreeRTOS/org/Source/portable/MemMang/heap_4.o
 .comment       0x0000007f       0x80 Third-Party/SEGGER/Config/SEGGER_SYSVIEW_Config_FreeRTOS.o
 .comment       0x0000007f       0x80 Third-Party/SEGGER/OS/SEGGER_SYSVIEW_FreeRTOS.o
 .comment       0x0000007f       0x80 Third-Party/SEGGER/SEGGER/SEGGER_RTT.o
 .comment       0x0000007f       0x80 Third-Party/SEGGER/SEGGER/SEGGER_SYSVIEW.o
 .comment       0x0000007f       0x80 src/main.o
 .comment       0x0000007f       0x80 src/syscalls.o
 .comment       0x0000007f       0x80 src/system_stm32f4xx.o

.debug_frame    0x00000000     0x4590
 .debug_frame   0x00000000      0x148 StdPeriph_Driver/src/stm32f4xx_exti.o
 .debug_frame   0x00000148      0x23c StdPeriph_Driver/src/stm32f4xx_gpio.o
 .debug_frame   0x00000384      0x904 StdPeriph_Driver/src/stm32f4xx_rcc.o
 .debug_frame   0x00000c88      0x11c StdPeriph_Driver/src/stm32f4xx_syscfg.o
 .debug_frame   0x00000da4      0x490 StdPeriph_Driver/src/stm32f4xx_usart.o
 .debug_frame   0x00001234       0xd8 Third-Party/FreeRTOS/org/Source/list.o
 .debug_frame   0x0000130c      0x51c Third-Party/FreeRTOS/org/Source/queue.o
 .debug_frame   0x00001828      0x870 Third-Party/FreeRTOS/org/Source/tasks.o
 .debug_frame   0x00002098      0x1a8 Third-Party/FreeRTOS/org/Source/portable/GCC/ARM_CM4F/port.o
 .debug_frame   0x00002240      0x108 Third-Party/FreeRTOS/org/Source/portable/MemMang/heap_4.o
 .debug_frame   0x00002348       0x48 Third-Party/SEGGER/Config/SEGGER_SYSVIEW_Config_FreeRTOS.o
 .debug_frame   0x00002390      0x100 Third-Party/SEGGER/OS/SEGGER_SYSVIEW_FreeRTOS.o
 .debug_frame   0x00002490      0x478 Third-Party/SEGGER/SEGGER/SEGGER_RTT.o
 .debug_frame   0x00002908      0xb5c Third-Party/SEGGER/SEGGER/SEGGER_SYSVIEW.o
 .debug_frame   0x00003464      0x128 src/main.o
 .debug_frame   0x0000358c      0x2d0 src/syscalls.o
 .debug_frame   0x0000385c       0x7c src/system_stm32f4xx.o
 .debug_frame   0x000038d8       0x20 c:/ac6/systemworkbench/plugins/fr.ac6.mcu.externaltools.arm-none.win32_1.17.0.201812190825/tools/compiler/bin/../lib/gcc/arm-none-eabi/7.3.1/../../../../arm-none-eabi/lib/thumb/v7e-m/fpv4-sp/hard\libc.a(lib_a-errno.o)